
> assistance-management-information-frontend@1.2.0 test
> vitest run --run


[1m[7m[36m RUN [39m[27m[22m [36mv2.1.9 [39m[90mC:/military-Rural Revitalization-system/frontend[39m

node.exe : [2m18:12:49[22m [33m[1m[vite][22m[39m [33mwarning: [33mDuplicate key "onsuccess" in object literal[33m
所在位置 行:1 字符: 1
+ & "C:\Program Files\nodejs/node.exe" "C:\Program Files\nodejs/node_mo ...
+ ~~~~~~~~~~~~~~~~~~~~~~~~~~~~~~~~~~~~~~~~~~~~~~~~~~~~~~~~~~~~~~~~~~~~~
    + CategoryInfo          : NotSpecified: ([2m18:12:49[2...ct literal[33m:String) [], RemoteException
    + FullyQualifiedErrorId : NativeCommandError
 
12 |  class FakeStore {
13 |    data: Map<any, any> = new Map()
14 |    _resolve(value: any) { return { result: value, error: null, onsuccess: null as any, onerror: null as any, set onsuccess(cb: any) { setTi
meout(() => cb({ target: this }), 0); (this as any)._cb = cb }, get onsuccess() { return (this as any)._cb } } as any }
   |                                                                                                                  ^
15 |  }
16 |  
[39m
  Plugin: [35mvite:esbuild[39m
  File: [36mC:/military-Rural Revitalization-system/frontend/tests/unit/utils/LocalDatabase.test.ts[39m
 [32m鉁?[39m tests/unit/components/Accessibility.property.test.ts [2m([22m[2m23 tests[22m[2m)[22m[90m 25[2mms[22m[39m
 [32m鉁?[39m tests/unit/api/fundLifecycle.test.ts [2m([22m[2m36 tests[22m[2m)[22m[90m 44[2mms[22m[39m
 [32m鉁?[39m tests/unit/utils/cacheManager.test.ts [2m([22m[2m31 tests[22m[2m)[22m[90m 46[2mms[22m[39m
 [32m鉁?[39m tests/unit/formValidator.test.ts [2m([22m[2m52 tests[22m[2m)[22m[90m 39[2mms[22m[39m
 [32m鉁?[39m tests/unit/api/approval.test.ts [2m([22m[2m27 tests[22m[2m)[22m[90m 37[2mms[22m[39m
[90mstdout[2m | tests/unit/utils-extra.test.ts[2m > [22m[2mRequestDeduplicator[2m > [22m[2mdedupe 澶辫触鏃舵墍鏈夎闃呰€呮敹鍒伴敊璇?[22m[39m[RequestDeduplicator] Suppressed promise rejection: Error: fail
    at [90mC:\military-Rural Revitalization-system\frontend\[39mtests\unit\utils-extra.test.ts:46:17
    at [90mfile:///C:/military-Rural%20Revitalization-system/frontend/[39mnode_modules/[4m@vitest/runner[24m/dist/index.js:146:14
    at [90mfile:///C:/military-Rural%20Revitalization-system/frontend/[39mnode_modules/[4m@vitest/runner[24m/dist/index.js:533:11
    at runWithTimeout [90m(file:///C:/military-Rural%20Revitalization-system/frontend/[39mnode_modules/[4m@vitest/runner[24m/dist/index.js:39:7[90m)[39m
    at runTest [90m(file:///C:/military-Rural%20Revitalization-system/frontend/[39mnode_modules/[4m@vitest/runner[24m/dist/index.js:1056:17[90m)[39m
    at runSuite [90m(file:///C:/military-Rural%20Revitalization-system/frontend/[39mnode_modules/[4m@vitest/runner[24m/dist/index.js:1205:15[90m)[39m
    at runSuite [90m(file:///C:/military-Rural%20Revitalization-system/frontend/[39mnode_modules/[4m@vitest/runner[24m/dist/index.js:1205:15[90m)[39m
    at runFiles [90m(file:///C:/military-Rural%20Revitalization-system/frontend/[39mnode_modules/[4m@vitest/runner[24m/dist/index.js:1262:5[90m)[39m
    at startTests [90m(file:///C:/military-Rural%20Revitalization-system/frontend/[39mnode_modules/[4m@vitest/runner[24m/dist/index.js:1271:3[90m)[39m
    at [90mfile:///C:/military-Rural%20Revitalization-system/frontend/[39mnode_modules/[4mvitest[24m/dist/chunks/runBaseTests.3qpJUEJM.js:126:11

[90mstdout[2m | tests/unit/utils-extra.test.ts[2m > [22m[2mRequestDeduplicator[2m > [22m[2mcancel 鍙栨秷璇锋眰
[22m[39m[RequestDeduplicator] Suppressed promise rejection on cancel: Error: Request cancelled: k
    at RequestDeduplicator.cancel [90m(C:\military-Rural Revitalization-system\frontend\[39msrc\utils\requestDeduplicator.ts:202:19[90m)[39m
    at [90mC:\military-Rural Revitalization-system\frontend\[39mtests\unit\utils-extra.test.ts:91:15
    at [90mfile:///C:/military-Rural%20Revitalization-system/frontend/[39mnode_modules/[4m@vitest/runner[24m/dist/index.js:146:14
    at [90mfile:///C:/military-Rural%20Revitalization-system/frontend/[39mnode_modules/[4m@vitest/runner[24m/dist/index.js:533:11
    at runWithTimeout [90m(file:///C:/military-Rural%20Revitalization-system/frontend/[39mnode_modules/[4m@vitest/runner[24m/dist/index.js:39:7[90m)[39m
    at runTest [90m(file:///C:/military-Rural%20Revitalization-system/frontend/[39mnode_modules/[4m@vitest/runner[24m/dist/index.js:1056:17[90m)[39m
    at runSuite [90m(file:///C:/military-Rural%20Revitalization-system/frontend/[39mnode_modules/[4m@vitest/runner[24m/dist/index.js:1205:15[90m)[39m
    at runSuite [90m(file:///C:/military-Rural%20Revitalization-system/frontend/[39mnode_modules/[4m@vitest/runner[24m/dist/index.js:1205:15[90m)[39m
    at runFiles [90m(file:///C:/military-Rural%20Revitalization-system/frontend/[39mnode_modules/[4m@vitest/runner[24m/dist/index.js:1262:5[90m)[39m
    at startTests [90m(file:///C:/military-Rural%20Revitalization-system/frontend/[39mnode_modules/[4m@vitest/runner[24m/dist/index.js:1271:3[90m)[39m

[90mstdout[2m | tests/unit/utils-extra.test.ts[2m > [22m[2mRequestDeduplicator[2m > [22m[2mcancelAll
[22m[39m[RequestDeduplicator] Suppressed promise rejection on cancel: Error: Request cancelled: a
    at RequestDeduplicator.cancel [90m(C:\military-Rural Revitalization-system\frontend\[39msrc\utils\requestDeduplicator.ts:202:19[90m)[39m
    at [90mC:\military-Rural Revitalization-system\frontend\[39msrc\utils\requestDeduplicator.ts:214:32
    at Array.forEach (<anonymous>)
    at RequestDeduplicator.cancelAll [90m(C:\military-Rural Revitalization-system\frontend\[39msrc\utils\requestDeduplicator.ts:214:10[90m)[39m
    at [90mC:\military-Rural Revitalization-system\frontend\[39mtests\unit\utils-extra.test.ts:101:8
    at [90mfile:///C:/military-Rural%20Revitalization-system/frontend/[39mnode_modules/[4m@vitest/runner[24m/dist/index.js:146:14
    at [90mfile:///C:/military-Rural%20Revitalization-system/frontend/[39mnode_modules/[4m@vitest/runner[24m/dist/index.js:533:11
    at runWithTimeout [90m(file:///C:/military-Rural%20Revitalization-system/frontend/[39mnode_modules/[4m@vitest/runner[24m/dist/index.js:39:7[90m)[39m
    at runTest [90m(file:///C:/military-Rural%20Revitalization-system/frontend/[39mnode_modules/[4m@vitest/runner[24m/dist/index.js:1056:17[90m)[39m
    at runSuite [90m(file:///C:/military-Rural%20Revitalization-system/frontend/[39mnode_modules/[4m@vitest/runner[24m/dist/index.js:1205:15[90m)[39m
[RequestDeduplicator] Suppressed promise rejection on cancel: Error: Request cancelled: b
    at RequestDeduplicator.cancel [90m(C:\military-Rural Revitalization-system\frontend\[39msrc\utils\requestDeduplicator.ts:202:19[90m)[39m
    at [90mC:\military-Rural Revitalization-system\frontend\[39msrc\utils\requestDeduplicator.ts:214:32
    at Array.forEach (<anonymous>)
    at RequestDeduplicator.cancelAll [90m(C:\military-Rural Revitalization-system\frontend\[39msrc\utils\requestDeduplicator.ts:214:10[90m)[39m
    at [90mC:\military-Rural Revitalization-system\frontend\[39mtests\unit\utils-extra.test.ts:101:8
    at [90mfile:///C:/military-Rural%20Revitalization-system/frontend/[39mnode_modules/[4m@vitest/runner[24m/dist/index.js:146:14
    at [90mfile:///C:/military-Rural%20Revitalization-system/frontend/[39mnode_modules/[4m@vitest/runner[24m/dist/index.js:533:11
    at runWithTimeout [90m(file:///C:/military-Rural%20Revitalization-system/frontend/[39mnode_modules/[4m@vitest/runner[24m/dist/index.js:39:7[90m)[39m
    at runTest [90m(file:///C:/military-Rural%20Revitalization-system/frontend/[39mnode_modules/[4m@vitest/runner[24m/dist/index.js:1056:17[90m)[39m
    at runSuite [90m(file:///C:/military-Rural%20Revitalization-system/frontend/[39mnode_modules/[4m@vitest/runner[24m/dist/index.js:1205:15[90m)[39m

 [32m鉁?[39m tests/unit/api/supportedVillageExport.test.ts [2m([22m[2m29 tests[22m[2m)[22m[90m 105[2mms[22m[39m
 [32m鉁?[39m tests/unit/utils/LocalDatabase.test.ts [2m([22m[2m31 tests[22m[2m)[22m[33m 857[2mms[22m[39m
 [32m鉁?[39m tests/unit/utils-extra.test.ts [2m([22m[2m34 tests[22m[2m)[22m[33m 1463[2mms[22m[39m
   [33m[2m鉁?[22m[39m RequestDeduplicator[2m > [22mdedupe 姝ｅ父鎵ц [33m668[2mms[22m[39m
 [32m鉁?[39m tests/unit/utils/CrudService.test.ts [2m([22m[2m27 tests[22m[2m)[22m[90m 41[2mms[22m[39m
[90mstderr[2m | tests/unit/localStorage.test.ts[2m > [22m[2mEnhancedStorage[2m > [22m[2mset and get[2m > [22m[2mshould return default
 for corrupted data
[22m[39m璇诲彇鏁版嵁澶辫触: SyntaxError: Unexpected token 'o', "not-json" is not valid JSON
    at JSON.parse (<anonymous>)
    at EnhancedStorage.get [90m(C:\military-Rural Revitalization-system\frontend\[39msrc\utils\local-storage.ts:94:38[90m)[39m
    at [90mC:\military-Rural Revitalization-system\frontend\[39mtests\unit\localStorage.test.ts:63:30
    at [90mfile:///C:/military-Rural%20Revitalization-system/frontend/[39mnode_modules/[4m@vitest/runner[24m/dist/index.js:146:14
    at [90mfile:///C:/military-Rural%20Revitalization-system/frontend/[39mnode_modules/[4m@vitest/runner[24m/dist/index.js:533:11
    at runWithTimeout [90m(file:///C:/military-Rural%20Revitalization-system/frontend/[39mnode_modules/[4m@vitest/runner[24m/dist/index.js:3
9:7[90m)[39m
    at runTest [90m(file:///C:/military-Rural%20Revitalization-system/frontend/[39mnode_modules/[4m@vitest/runner[24m/dist/index.js:1056:17
[90m)[39m
    at runSuite [90m(file:///C:/military-Rural%20Revitalization-system/frontend/[39mnode_modules/[4m@vitest/runner[24m/dist/index.js:1205:15
[90m)[39m
    at runSuite [90m(file:///C:/military-Rural%20Revitalization-system/frontend/[39mnode_modules/[4m@vitest/runner[24m/dist/index.js:1205:15
[90m)[39m
    at runSuite [90m(file:///C:/military-Rural%20Revitalization-system/frontend/[39mnode_modules/[4m@vitest/runner[24m/dist/index.js:1205:15
[90m)[39m

 [32m鉁?[39m tests/unit/localStorage.test.ts [2m([22m[2m27 tests[22m[2m)[22m[90m 60[2mms[22m[39m
 [32m鉁?[39m tests/unit/api/funds.test.ts [2m([22m[2m24 tests[22m[2m)[22m[90m 46[2mms[22m[39m
 [32m鉁?[39m tests/unit/utils/chunkUpload.test.ts [2m([22m[2m19 tests[22m[2m)[22m[90m 90[2mms[22m[39m
[90mstderr[2m | tests/unit/errorHandler.test.ts[2m > [22m[2merrorHandler[2m > [22m[2mhandleError[2m > [22m[2m澶勭悊缃戠粶閿欒骞舵樉绀洪€氱煡
[22m[39m[Error] {
  type: [32m'NETWORK'[39m,
  message: [32m'Network Error'[39m,
  code: [90mundefined[39m,
  details: [90mundefined[39m,
  retryable: [33mtrue[39m,
  timestamp: [33m1782555176983[39m
}

 [32m鉁?[39m tests/unit/errorHandler.test.ts [2m([22m[2m30 tests[22m[2m)[22m[90m 128[2mms[22m[39m
 [32m鉁?[39m tests/unit/stores/user.test.ts [2m([22m[2m23 tests[22m[2m)[22m[90m 109[2mms[22m[39m
 [32m鉁?[39m tests/unit/utils/permissionGuard.test.ts [2m([22m[2m24 tests[22m[2m)[22m[90m 126[2mms[22m[39m
 [32m鉁?[39m tests/unit/utils/performance.test.ts [2m([22m[2m45 tests[22m[2m)[22m[90m 127[2mms[22m[39m
[90mstderr[2m | tests/unit/views/MonitoringDashboard.test.ts[2m > [22m[2mMonitoringDashboard[2m > [22m[2mrenders all 6 metric cards with
 correct labels after data fetch
[22m[39mError: AggregateError
    at Object.dispatchError (C:\military-Rural Revitalization-system\frontend\node_modules\jsdom\lib\jsdom\living\xhr\xhr-utils.js:63:19)
    at Request.<anonymous> (C:\military-Rural Revitalization-system\frontend\node_modules\jsdom\lib\jsdom\living\xhr\XMLHttpRequest-impl.js:655:
18)
    at Request.emit (node:events:520:35)
    at ClientRequest.<anonymous> (C:\military-Rural Revitalization-system\frontend\node_modules\jsdom\lib\jsdom\living\helpers\http-request.js:1
27:14)
    at ClientRequest.emit (node:events:508:28)
    at emitErrorEvent (node:_http_client:108:11)
    at Socket.socketErrorListener (node:_http_client:575:5)
    at Socket.emit (node:events:508:28)
    at emitErrorNT (node:internal/streams/destroy:170:8)
    at emitErrorCloseNT (node:internal/streams/destroy:129:3) [90mundefined[39m
Error: AggregateError
    at Object.dispatchError (C:\military-Rural Revitalization-system\frontend\node_modules\jsdom\lib\jsdom\living\xhr\xhr-utils.js:63:19)
    at Request.<anonymous> (C:\military-Rural Revitalization-system\frontend\node_modules\jsdom\lib\jsdom\living\xhr\XMLHttpRequest-impl.js:655:
18)
    at Request.emit (node:events:520:35)
    at ClientRequest.<anonymous> (C:\military-Rural Revitalization-system\frontend\node_modules\jsdom\lib\jsdom\living\helpers\http-request.js:1
27:14)
    at ClientRequest.emit (node:events:508:28)
    at emitErrorEvent (node:_http_client:108:11)
    at Socket.socketErrorListener (node:_http_client:575:5)
    at Socket.emit (node:events:508:28)
    at emitErrorNT (node:internal/streams/destroy:170:8)
    at emitErrorCloseNT (node:internal/streams/destroy:129:3) [90mundefined[39m
Error: AggregateError
    at Object.dispatchError (C:\military-Rural Revitalization-system\frontend\node_modules\jsdom\lib\jsdom\living\xhr\xhr-utils.js:63:19)
    at Request.<anonymous> (C:\military-Rural Revitalization-system\frontend\node_modules\jsdom\lib\jsdom\living\xhr\XMLHttpRequest-impl.js:655:
18)
    at Request.emit (node:events:520:35)
    at ClientRequest.<anonymous> (C:\military-Rural Revitalization-system\frontend\node_modules\jsdom\lib\jsdom\living\helpers\http-request.js:1
27:14)
    at ClientRequest.emit (node:events:508:28)
    at emitErrorEvent (node:_http_client:108:11)
    at Socket.socketErrorListener (node:_http_client:575:5)
    at Socket.emit (node:events:508:28)
    at emitErrorNT (node:internal/streams/destroy:170:8)
    at emitErrorCloseNT (node:internal/streams/destroy:129:3) [90mundefined[39m

[90mstderr[2m | tests/unit/views/MonitoringDashboard.test.ts[2m > [22m[2mMonitoringDashboard[2m > [22m[2mrenders health score badge with
 score-good class when score >= 80
[22m[39mError: AggregateError
    at Object.dispatchError (C:\military-Rural Revitalization-system\frontend\node_modules\jsdom\lib\jsdom\living\xhr\xhr-utils.js:63:19)
    at Request.<anonymous> (C:\military-Rural Revitalization-system\frontend\node_modules\jsdom\lib\jsdom\living\xhr\XMLHttpRequest-impl.js:655:
18)
    at Request.emit (node:events:520:35)
    at ClientRequest.<anonymous> (C:\military-Rural Revitalization-system\frontend\node_modules\jsdom\lib\jsdom\living\helpers\http-request.js:1
27:14)
    at ClientRequest.emit (node:events:508:28)
    at emitErrorEvent (node:_http_client:108:11)
    at Socket.socketErrorListener (node:_http_client:575:5)
    at Socket.emit (node:events:508:28)
    at emitErrorNT (node:internal/streams/destroy:170:8)
    at emitErrorCloseNT (node:internal/streams/destroy:129:3) [90mundefined[39m
Error: AggregateError
    at Object.dispatchError (C:\military-Rural Revitalization-system\frontend\node_modules\jsdom\lib\jsdom\living\xhr\xhr-utils.js:63:19)
    at Request.<anonymous> (C:\military-Rural Revitalization-system\frontend\node_modules\jsdom\lib\jsdom\living\xhr\XMLHttpRequest-impl.js:655:
18)
    at Request.emit (node:events:520:35)
    at ClientRequest.<anonymous> (C:\military-Rural Revitalization-system\frontend\node_modules\jsdom\lib\jsdom\living\helpers\http-request.js:1
27:14)
    at ClientRequest.emit (node:events:508:28)
    at emitErrorEvent (node:_http_client:108:11)
    at Socket.socketErrorListener (node:_http_client:575:5)
    at Socket.emit (node:events:508:28)
    at emitErrorNT (node:internal/streams/destroy:170:8)
    at emitErrorCloseNT (node:internal/streams/destroy:129:3) [90mundefined[39m
Error: AggregateError
    at Object.dispatchError (C:\military-Rural Revitalization-system\frontend\node_modules\jsdom\lib\jsdom\living\xhr\xhr-utils.js:63:19)
    at Request.<anonymous> (C:\military-Rural Revitalization-system\frontend\node_modules\jsdom\lib\jsdom\living\xhr\XMLHttpRequest-impl.js:655:
18)
    at Request.emit (node:events:520:35)
    at ClientRequest.<anonymous> (C:\military-Rural Revitalization-system\frontend\node_modules\jsdom\lib\jsdom\living\helpers\http-request.js:1
27:14)
    at ClientRequest.emit (node:events:508:28)
    at emitErrorEvent (node:_http_client:108:11)
    at Socket.socketErrorListener (node:_http_client:575:5)
    at Socket.emit (node:events:508:28)
    at emitErrorNT (node:internal/streams/destroy:170:8)
    at emitErrorCloseNT (node:internal/streams/destroy:129:3) [90mundefined[39m

[90mstderr[2m | tests/unit/views/MonitoringDashboard.test.ts[2m > [22m[2mMonitoringDashboard[2m > [22m[2mrenders chart container when AP
I stats have data
[22m[39mError: AggregateError
    at Object.dispatchError (C:\military-Rural Revitalization-system\frontend\node_modules\jsdom\lib\jsdom\living\xhr\xhr-utils.js:63:19)
    at Request.<anonymous> (C:\military-Rural Revitalization-system\frontend\node_modules\jsdom\lib\jsdom\living\xhr\XMLHttpRequest-impl.js:655:
18)
    at Request.emit (node:events:520:35)
    at ClientRequest.<anonymous> (C:\military-Rural Revitalization-system\frontend\node_modules\jsdom\lib\jsdom\living\helpers\http-request.js:1
27:14)
    at ClientRequest.emit (node:events:508:28)
    at emitErrorEvent (node:_http_client:108:11)
    at Socket.socketErrorListener (node:_http_client:575:5)
    at Socket.emit (node:events:508:28)
    at emitErrorNT (node:internal/streams/destroy:170:8)
    at emitErrorCloseNT (node:internal/streams/destroy:129:3) [90mundefined[39m
Error: AggregateError
    at Object.dispatchError (C:\military-Rural Revitalization-system\frontend\node_modules\jsdom\lib\jsdom\living\xhr\xhr-utils.js:63:19)
    at Request.<anonymous> (C:\military-Rural Revitalization-system\frontend\node_modules\jsdom\lib\jsdom\living\xhr\XMLHttpRequest-impl.js:655:
18)
    at Request.emit (node:events:520:35)
    at ClientRequest.<anonymous> (C:\military-Rural Revitalization-system\frontend\node_modules\jsdom\lib\jsdom\living\helpers\http-request.js:1
27:14)
    at ClientRequest.emit (node:events:508:28)
    at emitErrorEvent (node:_http_client:108:11)
    at Socket.socketErrorListener (node:_http_client:575:5)
    at Socket.emit (node:events:508:28)
    at emitErrorNT (node:internal/streams/destroy:170:8)
    at emitErrorCloseNT (node:internal/streams/destroy:129:3) [90mundefined[39m
Error: AggregateError
    at Object.dispatchError (C:\military-Rural Revitalization-system\frontend\node_modules\jsdom\lib\jsdom\living\xhr\xhr-utils.js:63:19)
    at Request.<anonymous> (C:\military-Rural Revitalization-system\frontend\node_modules\jsdom\lib\jsdom\living\xhr\XMLHttpRequest-impl.js:655:
18)
    at Request.emit (node:events:520:35)
    at ClientRequest.<anonymous> (C:\military-Rural Revitalization-system\frontend\node_modules\jsdom\lib\jsdom\living\helpers\http-request.js:1
27:14)
    at ClientRequest.emit (node:events:508:28)
    at emitErrorEvent (node:_http_client:108:11)
    at Socket.socketErrorListener (node:_http_client:575:5)
    at Socket.emit (node:events:508:28)
    at emitErrorNT (node:internal/streams/destroy:170:8)
    at emitErrorCloseNT (node:internal/streams/destroy:129:3) [90mundefined[39m

[90mstderr[2m | tests/unit/views/MonitoringDashboard.test.ts[2m > [22m[2mMonitoringDashboard[2m > [22m[2mrenders system logs section
[22m[39mError: AggregateError
    at Object.dispatchError (C:\military-Rural Revitalization-system\frontend\node_modules\jsdom\lib\jsdom\living\xhr\xhr-utils.js:63:19)
    at Request.<anonymous> (C:\military-Rural Revitalization-system\frontend\node_modules\jsdom\lib\jsdom\living\xhr\XMLHttpRequest-impl.js:655:
18)
    at Request.emit (node:events:520:35)
    at ClientRequest.<anonymous> (C:\military-Rural Revitalization-system\frontend\node_modules\jsdom\lib\jsdom\living\helpers\http-request.js:1
27:14)
    at ClientRequest.emit (node:events:508:28)
    at emitErrorEvent (node:_http_client:108:11)
    at Socket.socketErrorListener (node:_http_client:575:5)
    at Socket.emit (node:events:508:28)
    at emitErrorNT (node:internal/streams/destroy:170:8)
    at emitErrorCloseNT (node:internal/streams/destroy:129:3) [90mundefined[39m
Error: AggregateError
    at Object.dispatchError (C:\military-Rural Revitalization-system\frontend\node_modules\jsdom\lib\jsdom\living\xhr\xhr-utils.js:63:19)
    at Request.<anonymous> (C:\military-Rural Revitalization-system\frontend\node_modules\jsdom\lib\jsdom\living\xhr\XMLHttpRequest-impl.js:655:
18)
    at Request.emit (node:events:520:35)
    at ClientRequest.<anonymous> (C:\military-Rural Revitalization-system\frontend\node_modules\jsdom\lib\jsdom\living\helpers\http-request.js:1
27:14)
    at ClientRequest.emit (node:events:508:28)
    at emitErrorEvent (node:_http_client:108:11)
    at Socket.socketErrorListener (node:_http_client:575:5)
    at Socket.emit (node:events:508:28)
    at emitErrorNT (node:internal/streams/destroy:170:8)
    at emitErrorCloseNT (node:internal/streams/destroy:129:3) [90mundefined[39m
Error: AggregateError
    at Object.dispatchError (C:\military-Rural Revitalization-system\frontend\node_modules\jsdom\lib\jsdom\living\xhr\xhr-utils.js:63:19)
    at Request.<anonymous> (C:\military-Rural Revitalization-system\frontend\node_modules\jsdom\lib\jsdom\living\xhr\XMLHttpRequest-impl.js:655:
18)
    at Request.emit (node:events:520:35)
    at ClientRequest.<anonymous> (C:\military-Rural Revitalization-system\frontend\node_modules\jsdom\lib\jsdom\living\helpers\http-request.js:1
27:14)
    at ClientRequest.emit (node:events:508:28)
    at emitErrorEvent (node:_http_client:108:11)
    at Socket.socketErrorListener (node:_http_client:575:5)
    at Socket.emit (node:events:508:28)
    at emitErrorNT (node:internal/streams/destroy:170:8)
    at emitErrorCloseNT (node:internal/streams/destroy:129:3) [90mundefined[39m

[90mstderr[2m | tests/unit/views/MonitoringDashboard.test.ts[2m > [22m[2mMonitoringDashboard[2m > [22m[2mresponds to dark theme from con
fig store
[22m[39mError: AggregateError
    at Object.dispatchError (C:\military-Rural Revitalization-system\frontend\node_modules\jsdom\lib\jsdom\living\xhr\xhr-utils.js:63:19)
    at Request.<anonymous> (C:\military-Rural Revitalization-system\frontend\node_modules\jsdom\lib\jsdom\living\xhr\XMLHttpRequest-impl.js:655:
18)
    at Request.emit (node:events:520:35)
    at ClientRequest.<anonymous> (C:\military-Rural Revitalization-system\frontend\node_modules\jsdom\lib\jsdom\living\helpers\http-request.js:1
27:14)
    at ClientRequest.emit (node:events:508:28)
    at emitErrorEvent (node:_http_client:108:11)
    at Socket.socketErrorListener (node:_http_client:575:5)
    at Socket.emit (node:events:508:28)
    at emitErrorNT (node:internal/streams/destroy:170:8)
    at emitErrorCloseNT (node:internal/streams/destroy:129:3) [90mundefined[39m
Error: AggregateError
    at Object.dispatchError (C:\military-Rural Revitalization-system\frontend\node_modules\jsdom\lib\jsdom\living\xhr\xhr-utils.js:63:19)
    at Request.<anonymous> (C:\military-Rural Revitalization-system\frontend\node_modules\jsdom\lib\jsdom\living\xhr\XMLHttpRequest-impl.js:655:
18)
    at Request.emit (node:events:520:35)
    at ClientRequest.<anonymous> (C:\military-Rural Revitalization-system\frontend\node_modules\jsdom\lib\jsdom\living\helpers\http-request.js:1
27:14)
    at ClientRequest.emit (node:events:508:28)
    at emitErrorEvent (node:_http_client:108:11)
    at Socket.socketErrorListener (node:_http_client:575:5)
    at Socket.emit (node:events:508:28)
    at emitErrorNT (node:internal/streams/destroy:170:8)
    at emitErrorCloseNT (node:internal/streams/destroy:129:3) [90mundefined[39m

[90mstderr[2m | tests/unit/views/MonitoringDashboard.test.ts[2m > [22m[2mMonitoringDashboard[2m > [22m[2mresponds to dark theme from con
fig store
[22m[39mError: AggregateError
    at Object.dispatchError (C:\military-Rural Revitalization-system\frontend\node_modules\jsdom\lib\jsdom\living\xhr\xhr-utils.js:63:19)
    at Request.<anonymous> (C:\military-Rural Revitalization-system\frontend\node_modules\jsdom\lib\jsdom\living\xhr\XMLHttpRequest-impl.js:655:
18)
    at Request.emit (node:events:520:35)
    at ClientRequest.<anonymous> (C:\military-Rural Revitalization-system\frontend\node_modules\jsdom\lib\jsdom\living\helpers\http-request.js:1
27:14)
    at ClientRequest.emit (node:events:508:28)
    at emitErrorEvent (node:_http_client:108:11)
    at Socket.socketErrorListener (node:_http_client:575:5)
    at Socket.emit (node:events:508:28)
    at emitErrorNT (node:internal/streams/destroy:170:8)
    at emitErrorCloseNT (node:internal/streams/destroy:129:3) [90mundefined[39m

[90mstderr[2m | tests/unit/views/MonitoringDashboard.test.ts[2m > [22m[2mMonitoringDashboard[2m > [22m[2muses CSS Grid for metric layout
[22m[39mError: AggregateError
    at Object.dispatchError (C:\military-Rural Revitalization-system\frontend\node_modules\jsdom\lib\jsdom\living\xhr\xhr-utils.js:63:19)
    at Request.<anonymous> (C:\military-Rural Revitalization-system\frontend\node_modules\jsdom\lib\jsdom\living\xhr\XMLHttpRequest-impl.js:655:
18)
    at Request.emit (node:events:520:35)
    at ClientRequest.<anonymous> (C:\military-Rural Revitalization-system\frontend\node_modules\jsdom\lib\jsdom\living\helpers\http-request.js:1
27:14)
    at ClientRequest.emit (node:events:508:28)
    at emitErrorEvent (node:_http_client:108:11)
    at Socket.socketErrorListener (node:_http_client:575:5)
    at Socket.emit (node:events:508:28)
    at emitErrorNT (node:internal/streams/destroy:170:8)
    at emitErrorCloseNT (node:internal/streams/destroy:129:3) [90mundefined[39m
Error: AggregateError
    at Object.dispatchError (C:\military-Rural Revitalization-system\frontend\node_modules\jsdom\lib\jsdom\living\xhr\xhr-utils.js:63:19)
    at Request.<anonymous> (C:\military-Rural Revitalization-system\frontend\node_modules\jsdom\lib\jsdom\living\xhr\XMLHttpRequest-impl.js:655:
18)
    at Request.emit (node:events:520:35)
    at ClientRequest.<anonymous> (C:\military-Rural Revitalization-system\frontend\node_modules\jsdom\lib\jsdom\living\helpers\http-request.js:1
27:14)
    at ClientRequest.emit (node:events:508:28)
    at emitErrorEvent (node:_http_client:108:11)
    at Socket.socketErrorListener (node:_http_client:575:5)
    at Socket.emit (node:events:508:28)
    at emitErrorNT (node:internal/streams/destroy:170:8)
    at emitErrorCloseNT (node:internal/streams/destroy:129:3) [90mundefined[39m
Error: AggregateError
    at Object.dispatchError (C:\military-Rural Revitalization-system\frontend\node_modules\jsdom\lib\jsdom\living\xhr\xhr-utils.js:63:19)
    at Request.<anonymous> (C:\military-Rural Revitalization-system\frontend\node_modules\jsdom\lib\jsdom\living\xhr\XMLHttpRequest-impl.js:655:
18)
    at Request.emit (node:events:520:35)
    at ClientRequest.<anonymous> (C:\military-Rural Revitalization-system\frontend\node_modules\jsdom\lib\jsdom\living\helpers\http-request.js:1
27:14)
    at ClientRequest.emit (node:events:508:28)
    at emitErrorEvent (node:_http_client:108:11)
    at Socket.socketErrorListener (node:_http_client:575:5)
    at Socket.emit (node:events:508:28)
    at emitErrorNT (node:internal/streams/destroy:170:8)
    at emitErrorCloseNT (node:internal/streams/destroy:129:3) [90mundefined[39m

[90mstderr[2m | tests/unit/views/MonitoringDashboard.test.ts[2m > [22m[2mMonitoringDashboard[2m > [22m[2mshows metric cards even when sn
apshot API fails
[22m[39mError: AggregateError
    at Object.dispatchError (C:\military-Rural Revitalization-system\frontend\node_modules\jsdom\lib\jsdom\living\xhr\xhr-utils.js:63:19)
    at Request.<anonymous> (C:\military-Rural Revitalization-system\frontend\node_modules\jsdom\lib\jsdom\living\xhr\XMLHttpRequest-impl.js:655:
18)
    at Request.emit (node:events:520:35)
    at ClientRequest.<anonymous> (C:\military-Rural Revitalization-system\frontend\node_modules\jsdom\lib\jsdom\living\helpers\http-request.js:1
27:14)
    at ClientRequest.emit (node:events:508:28)
    at emitErrorEvent (node:_http_client:108:11)
    at Socket.socketErrorListener (node:_http_client:575:5)
    at Socket.emit (node:events:508:28)
    at emitErrorNT (node:internal/streams/destroy:170:8)
    at emitErrorCloseNT (node:internal/streams/destroy:129:3) [90mundefined[39m
Error: AggregateError
    at Object.dispatchError (C:\military-Rural Revitalization-system\frontend\node_modules\jsdom\lib\jsdom\living\xhr\xhr-utils.js:63:19)
    at Request.<anonymous> (C:\military-Rural Revitalization-system\frontend\node_modules\jsdom\lib\jsdom\living\xhr\XMLHttpRequest-impl.js:655:
18)
    at Request.emit (node:events:520:35)
    at ClientRequest.<anonymous> (C:\military-Rural Revitalization-system\frontend\node_modules\jsdom\lib\jsdom\living\helpers\http-request.js:1
27:14)
    at ClientRequest.emit (node:events:508:28)
    at emitErrorEvent (node:_http_client:108:11)
    at Socket.socketErrorListener (node:_http_client:575:5)
    at Socket.emit (node:events:508:28)
    at emitErrorNT (node:internal/streams/destroy:170:8)
    at emitErrorCloseNT (node:internal/streams/destroy:129:3) [90mundefined[39m
Error: AggregateError
    at Object.dispatchError (C:\military-Rural Revitalization-system\frontend\node_modules\jsdom\lib\jsdom\living\xhr\xhr-utils.js:63:19)
    at Request.<anonymous> (C:\military-Rural Revitalization-system\frontend\node_modules\jsdom\lib\jsdom\living\xhr\XMLHttpRequest-impl.js:655:
18)
    at Request.emit (node:events:520:35)
    at ClientRequest.<anonymous> (C:\military-Rural Revitalization-system\frontend\node_modules\jsdom\lib\jsdom\living\helpers\http-request.js:1
27:14)
    at ClientRequest.emit (node:events:508:28)
    at emitErrorEvent (node:_http_client:108:11)
    at Socket.socketErrorListener (node:_http_client:575:5)
    at Socket.emit (node:events:508:28)
    at emitErrorNT (node:internal/streams/destroy:170:8)
    at emitErrorCloseNT (node:internal/streams/destroy:129:3) [90mundefined[39m

[90mstderr[2m | tests/unit/views/MonitoringDashboard.test.ts[2m > [22m[2mMonitoringDashboard[2m > [22m[2mcaps history ring buffer at 10 
entries
[22m[39mError: AggregateError
    at Object.dispatchError (C:\military-Rural Revitalization-system\frontend\node_modules\jsdom\lib\jsdom\living\xhr\xhr-utils.js:63:19)
    at Request.<anonymous> (C:\military-Rural Revitalization-system\frontend\node_modules\jsdom\lib\jsdom\living\xhr\XMLHttpRequest-impl.js:655:
18)
    at Request.emit (node:events:520:35)
    at ClientRequest.<anonymous> (C:\military-Rural Revitalization-system\frontend\node_modules\jsdom\lib\jsdom\living\helpers\http-request.js:1
27:14)
    at ClientRequest.emit (node:events:508:28)
    at emitErrorEvent (node:_http_client:108:11)
    at Socket.socketErrorListener (node:_http_client:575:5)
    at Socket.emit (node:events:508:28)
    at emitErrorNT (node:internal/streams/destroy:170:8)
    at emitErrorCloseNT (node:internal/streams/destroy:129:3) [90mundefined[39m
Error: AggregateError
    at Object.dispatchError (C:\military-Rural Revitalization-system\frontend\node_modules\jsdom\lib\jsdom\living\xhr\xhr-utils.js:63:19)
    at Request.<anonymous> (C:\military-Rural Revitalization-system\frontend\node_modules\jsdom\lib\jsdom\living\xhr\XMLHttpRequest-impl.js:655:
18)
    at Request.emit (node:events:520:35)
    at ClientRequest.<anonymous> (C:\military-Rural Revitalization-system\frontend\node_modules\jsdom\lib\jsdom\living\helpers\http-request.js:1
27:14)
    at ClientRequest.emit (node:events:508:28)
    at emitErrorEvent (node:_http_client:108:11)
    at Socket.socketErrorListener (node:_http_client:575:5)
    at Socket.emit (node:events:508:28)
    at emitErrorNT (node:internal/streams/destroy:170:8)
    at emitErrorCloseNT (node:internal/streams/destroy:129:3) [90mundefined[39m
Error: AggregateError
    at Object.dispatchError (C:\military-Rural Revitalization-system\frontend\node_modules\jsdom\lib\jsdom\living\xhr\xhr-utils.js:63:19)
    at Request.<anonymous> (C:\military-Rural Revitalization-system\frontend\node_modules\jsdom\lib\jsdom\living\xhr\XMLHttpRequest-impl.js:655:
18)
    at Request.emit (node:events:520:35)
    at ClientRequest.<anonymous> (C:\military-Rural Revitalization-system\frontend\node_modules\jsdom\lib\jsdom\living\helpers\http-request.js:1
27:14)
    at ClientRequest.emit (node:events:508:28)
    at emitErrorEvent (node:_http_client:108:11)
    at Socket.socketErrorListener (node:_http_client:575:5)
    at Socket.emit (node:events:508:28)
    at emitErrorNT (node:internal/streams/destroy:170:8)
    at emitErrorCloseNT (node:internal/streams/destroy:129:3) [90mundefined[39m

[90mstderr[2m | tests/unit/views/MonitoringDashboard.test.ts[2m > [22m[2mMonitoringDashboard[2m > [22m[2mtoggles health section expand/c
ollapse on header click
[22m[39mError: AggregateError
    at Object.dispatchError (C:\military-Rural Revitalization-system\frontend\node_modules\jsdom\lib\jsdom\living\xhr\xhr-utils.js:63:19)
    at Request.<anonymous> (C:\military-Rural Revitalization-system\frontend\node_modules\jsdom\lib\jsdom\living\xhr\XMLHttpRequest-impl.js:655:
18)
    at Request.emit (node:events:520:35)
    at ClientRequest.<anonymous> (C:\military-Rural Revitalization-system\frontend\node_modules\jsdom\lib\jsdom\living\helpers\http-request.js:1
27:14)
    at ClientRequest.emit (node:events:508:28)
    at emitErrorEvent (node:_http_client:108:11)
    at Socket.socketErrorListener (node:_http_client:575:5)
    at Socket.emit (node:events:508:28)
    at emitErrorNT (node:internal/streams/destroy:170:8)
    at emitErrorCloseNT (node:internal/streams/destroy:129:3) [90mundefined[39m
Error: AggregateError
    at Object.dispatchError (C:\military-Rural Revitalization-system\frontend\node_modules\jsdom\lib\jsdom\living\xhr\xhr-utils.js:63:19)
    at Request.<anonymous> (C:\military-Rural Revitalization-system\frontend\node_modules\jsdom\lib\jsdom\living\xhr\XMLHttpRequest-impl.js:655:
18)
    at Request.emit (node:events:520:35)
    at ClientRequest.<anonymous> (C:\military-Rural Revitalization-system\frontend\node_modules\jsdom\lib\jsdom\living\helpers\http-request.js:1
27:14)
    at ClientRequest.emit (node:events:508:28)
    at emitErrorEvent (node:_http_client:108:11)
    at Socket.socketErrorListener (node:_http_client:575:5)
    at Socket.emit (node:events:508:28)
    at emitErrorNT (node:internal/streams/destroy:170:8)
    at emitErrorCloseNT (node:internal/streams/destroy:129:3) [90mundefined[39m

[90mstderr[2m | tests/unit/views/MonitoringDashboard.test.ts[2m > [22m[2mMonitoringDashboard[2m > [22m[2mclears polling interval on unmo
unt
[22m[39mError: AggregateError
    at Object.dispatchError (C:\military-Rural Revitalization-system\frontend\node_modules\jsdom\lib\jsdom\living\xhr\xhr-utils.js:63:19)
    at Request.<anonymous> (C:\military-Rural Revitalization-system\frontend\node_modules\jsdom\lib\jsdom\living\xhr\XMLHttpRequest-impl.js:655:
18)
    at Request.emit (node:events:520:35)
    at ClientRequest.<anonymous> (C:\military-Rural Revitalization-system\frontend\node_modules\jsdom\lib\jsdom\living\helpers\http-request.js:1
27:14)
    at ClientRequest.emit (node:events:508:28)
    at emitErrorEvent (node:_http_client:108:11)
    at Socket.socketErrorListener (node:_http_client:575:5)
    at Socket.emit (node:events:508:28)
    at emitErrorNT (node:internal/streams/destroy:170:8)
    at emitErrorCloseNT (node:internal/streams/destroy:129:3) [90mundefined[39m
Error: AggregateError
    at Object.dispatchError (C:\military-Rural Revitalization-system\frontend\node_modules\jsdom\lib\jsdom\living\xhr\xhr-utils.js:63:19)
    at Request.<anonymous> (C:\military-Rural Revitalization-system\frontend\node_modules\jsdom\lib\jsdom\living\xhr\XMLHttpRequest-impl.js:655:
18)
    at Request.emit (node:events:520:35)
    at ClientRequest.<anonymous> (C:\military-Rural Revitalization-system\frontend\node_modules\jsdom\lib\jsdom\living\helpers\http-request.js:1
27:14)
    at ClientRequest.emit (node:events:508:28)
    at emitErrorEvent (node:_http_client:108:11)
    at Socket.socketErrorListener (node:_http_client:575:5)
    at Socket.emit (node:events:508:28)
    at emitErrorNT (node:internal/streams/destroy:170:8)
    at emitErrorCloseNT (node:internal/streams/destroy:129:3) [90mundefined[39m
Error: AggregateError
    at Object.dispatchError (C:\military-Rural Revitalization-system\frontend\node_modules\jsdom\lib\jsdom\living\xhr\xhr-utils.js:63:19)
    at Request.<anonymous> (C:\military-Rural Revitalization-system\frontend\node_modules\jsdom\lib\jsdom\living\xhr\XMLHttpRequest-impl.js:655:
18)
    at Request.emit (node:events:520:35)
    at ClientRequest.<anonymous> (C:\military-Rural Revitalization-system\frontend\node_modules\jsdom\lib\jsdom\living\helpers\http-request.js:1
27:14)
    at ClientRequest.emit (node:events:508:28)
    at emitErrorEvent (node:_http_client:108:11)
    at Socket.socketErrorListener (node:_http_client:575:5)
    at Socket.emit (node:events:508:28)
    at emitErrorNT (node:internal/streams/destroy:170:8)
    at emitErrorCloseNT (node:internal/streams/destroy:129:3) [90mundefined[39m

 [32m鉁?[39m tests/unit/views/MonitoringDashboard.test.ts [2m([22m[2m10 tests[22m[2m)[22m[33m 1645[2mms[22m[39m
   [33m[2m鉁?[22m[39m MonitoringDashboard[2m > [22mrenders all 6 metric cards with correct labels after data fetch [33m423[2mms[22m[39m
[90mstderr[2m | src/views/projects/__tests__/ProjectList.spec.ts[2m > [22m[2m瀵艰埅[2m > [22m[2mhandleCreate 搴旇烦杞埌 /projects/create
[22m[39m璺宠浆寮傚父: TypeError: Cannot read properties of undefined (reading 'catch')
    at pushSafe [90m(C:\military-Rural Revitalization-system\frontend\[39msrc\composables\useRouterSafe.ts:45:23[90m)[39m
    at Proxy.handleCreate [90m(C:\military-Rural Revitalization-system\frontend\[39msrc\views\projects\List.vue:355:3[90m)[39m
    at [90mC:\military-Rural Revitalization-system\frontend\[39msrc\views\projects\__tests__\ProjectList.spec.ts:453:8
    at [90mfile:///C:/military-Rural%20Revitalization-system/frontend/[39mnode_modules/[4m@vitest/runner[24m/dist/index.js:533:5
    at runTest [90m(file:///C:/military-Rural%20Revitalization-system/frontend/[39mnode_modules/[4m@vitest/runner[24m/dist/index.js:1056:11
[90m)[39m
    at runSuite [90m(file:///C:/military-Rural%20Revitalization-system/frontend/[39mnode_modules/[4m@vitest/runner[24m/dist/index.js:1205:15
[90m)[39m
    at runSuite [90m(file:///C:/military-Rural%20Revitalization-system/frontend/[39mnode_modules/[4m@vitest/runner[24m/dist/index.js:1205:15
[90m)[39m
    at runFiles [90m(file:///C:/military-Rural%20Revitalization-system/frontend/[39mnode_modules/[4m@vitest/runner[24m/dist/index.js:1262:5
[90m)[39m
    at startTests [90m(file:///C:/military-Rural%20Revitalization-system/frontend/[39mnode_modules/[4m@vitest/runner[24m/dist/index.js:1271:
3[90m)[39m
    at [90mfile:///C:/military-Rural%20Revitalization-system/frontend/[39mnode_modules/[4mvitest[24m/dist/chunks/runBaseTests.3qpJUEJM.js:12
6:11
Error: Not implemented: navigation (except hash changes)
    at module.exports (C:\military-Rural Revitalization-system\frontend\node_modules\jsdom\lib\jsdom\browser\not-implemented.js:9:17)
    at navigateFetch (C:\military-Rural Revitalization-system\frontend\node_modules\jsdom\lib\jsdom\living\window\navigation.js:77:3)
    at exports.navigate (C:\military-Rural Revitalization-system\frontend\node_modules\jsdom\lib\jsdom\living\window\navigation.js:55:3)
    at LocationImpl._locationObjectNavigate (C:\military-Rural Revitalization-system\frontend\node_modules\jsdom\lib\jsdom\living\window\Locatio
n-impl.js:31:5)
    at LocationImpl._locationObjectSetterNavigate (C:\military-Rural Revitalization-system\frontend\node_modules\jsdom\lib\jsdom\living\window\L
ocation-impl.js:25:17)
    at LocationImpl.set href [as href] (C:\military-Rural Revitalization-system\frontend\node_modules\jsdom\lib\jsdom\living\window\Location-imp
l.js:47:10)
    at Location.set href [as href] (C:\military-Rural Revitalization-system\frontend\node_modules\jsdom\lib\jsdom\living\generated\Location.js:1
25:37)
    at pushSafe (C:\military-Rural Revitalization-system\frontend\src\composables\useRouterSafe.ts:54:25)
    at Proxy.handleCreate (C:\military-Rural Revitalization-system\frontend\src\views\projects\List.vue:355:3)
    at C:\military-Rural Revitalization-system\frontend\src\views\projects\__tests__\ProjectList.spec.ts:453:8 [90mundefined[39m

[90mstderr[2m | src/views/projects/__tests__/ProjectList.spec.ts[2m > [22m[2m瀵艰埅[2m > [22m[2mhandleView 搴旇烦杞埌 /projects/:id
[22m[39m璺宠浆寮傚父: TypeError: Cannot read properties of undefined (reading 'catch')
    at pushSafe [90m(C:\military-Rural Revitalization-system\frontend\[39msrc\composables\useRouterSafe.ts:45:23[90m)[39m
    at Proxy.handleView [90m(C:\military-Rural Revitalization-system\frontend\[39msrc\views\projects\List.vue:364:3[90m)[39m
    at [90mC:\military-Rural Revitalization-system\frontend\[39msrc\views\projects\__tests__\ProjectList.spec.ts:463:8
    at [90mfile:///C:/military-Rural%20Revitalization-system/frontend/[39mnode_modules/[4m@vitest/runner[24m/dist/index.js:533:5
    at runTest [90m(file:///C:/military-Rural%20Revitalization-system/frontend/[39mnode_modules/[4m@vitest/runner[24m/dist/index.js:1056:11
[90m)[39m
    at runSuite [90m(file:///C:/military-Rural%20Revitalization-system/frontend/[39mnode_modules/[4m@vitest/runner[24m/dist/index.js:1205:15
[90m)[39m
    at runSuite [90m(file:///C:/military-Rural%20Revitalization-system/frontend/[39mnode_modules/[4m@vitest/runner[24m/dist/index.js:1205:15
[90m)[39m
    at runFiles [90m(file:///C:/military-Rural%20Revitalization-system/frontend/[39mnode_modules/[4m@vitest/runner[24m/dist/index.js:1262:5
[90m)[39m
    at startTests [90m(file:///C:/military-Rural%20Revitalization-system/frontend/[39mnode_modules/[4m@vitest/runner[24m/dist/index.js:1271:
3[90m)[39m
    at [90mfile:///C:/military-Rural%20Revitalization-system/frontend/[39mnode_modules/[4mvitest[24m/dist/chunks/runBaseTests.3qpJUEJM.js:12
6:11
Error: Not implemented: navigation (except hash changes)
    at module.exports (C:\military-Rural Revitalization-system\frontend\node_modules\jsdom\lib\jsdom\browser\not-implemented.js:9:17)
    at navigateFetch (C:\military-Rural Revitalization-system\frontend\node_modules\jsdom\lib\jsdom\living\window\navigation.js:77:3)
    at exports.navigate (C:\military-Rural Revitalization-system\frontend\node_modules\jsdom\lib\jsdom\living\window\navigation.js:55:3)
    at LocationImpl._locationObjectNavigate (C:\military-Rural Revitalization-system\frontend\node_modules\jsdom\lib\jsdom\living\window\Locatio
n-impl.js:31:5)
    at LocationImpl._locationObjectSetterNavigate (C:\military-Rural Revitalization-system\frontend\node_modules\jsdom\lib\jsdom\living\window\L
ocation-impl.js:25:17)
    at LocationImpl.set href [as href] (C:\military-Rural Revitalization-system\frontend\node_modules\jsdom\lib\jsdom\living\window\Location-imp
l.js:47:10)
    at Location.set href [as href] (C:\military-Rural Revitalization-system\frontend\node_modules\jsdom\lib\jsdom\living\generated\Location.js:1
25:37)
    at pushSafe (C:\military-Rural Revitalization-system\frontend\src\composables\useRouterSafe.ts:54:25)
    at Proxy.handleView (C:\military-Rural Revitalization-system\frontend\src\views\projects\List.vue:364:3)
    at C:\military-Rural Revitalization-system\frontend\src\views\projects\__tests__\ProjectList.spec.ts:463:8 [90mundefined[39m

[90mstderr[2m | src/views/projects/__tests__/ProjectList.spec.ts[2m > [22m[2m瀵艰埅[2m > [22m[2mhandleEdit 搴旇烦杞埌 /projects/:id/edit
[22m[39m璺宠浆寮傚父: TypeError: Cannot read properties of undefined (reading 'catch')
    at pushSafe [90m(C:\military-Rural Revitalization-system\frontend\[39msrc\composables\useRouterSafe.ts:45:23[90m)[39m
    at Proxy.handleEdit [90m(C:\military-Rural Revitalization-system\frontend\[39msrc\views\projects\List.vue:373:3[90m)[39m
    at [90mC:\military-Rural Revitalization-system\frontend\[39msrc\views\projects\__tests__\ProjectList.spec.ts:473:8
    at [90mfile:///C:/military-Rural%20Revitalization-system/frontend/[39mnode_modules/[4m@vitest/runner[24m/dist/index.js:533:5
    at runTest [90m(file:///C:/military-Rural%20Revitalization-system/frontend/[39mnode_modules/[4m@vitest/runner[24m/dist/index.js:1056:11
[90m)[39m
    at runSuite [90m(file:///C:/military-Rural%20Revitalization-system/frontend/[39mnode_modules/[4m@vitest/runner[24m/dist/index.js:1205:15
[90m)[39m
    at runSuite [90m(file:///C:/military-Rural%20Revitalization-system/frontend/[39mnode_modules/[4m@vitest/runner[24m/dist/index.js:1205:15
[90m)[39m
    at runFiles [90m(file:///C:/military-Rural%20Revitalization-system/frontend/[39mnode_modules/[4m@vitest/runner[24m/dist/index.js:1262:5
[90m)[39m
    at startTests [90m(file:///C:/military-Rural%20Revitalization-system/frontend/[39mnode_modules/[4m@vitest/runner[24m/dist/index.js:1271:
3[90m)[39m
    at [90mfile:///C:/military-Rural%20Revitalization-system/frontend/[39mnode_modules/[4mvitest[24m/dist/chunks/runBaseTests.3qpJUEJM.js:12
6:11
Error: Not implemented: navigation (except hash changes)
    at module.exports (C:\military-Rural Revitalization-system\frontend\node_modules\jsdom\lib\jsdom\browser\not-implemented.js:9:17)
    at navigateFetch (C:\military-Rural Revitalization-system\frontend\node_modules\jsdom\lib\jsdom\living\window\navigation.js:77:3)
    at exports.navigate (C:\military-Rural Revitalization-system\frontend\node_modules\jsdom\lib\jsdom\living\window\navigation.js:55:3)
    at LocationImpl._locationObjectNavigate (C:\military-Rural Revitalization-system\frontend\node_modules\jsdom\lib\jsdom\living\window\Locatio
n-impl.js:31:5)
    at LocationImpl._locationObjectSetterNavigate (C:\military-Rural Revitalization-system\frontend\node_modules\jsdom\lib\jsdom\living\window\L
ocation-impl.js:25:17)
    at LocationImpl.set href [as href] (C:\military-Rural Revitalization-system\frontend\node_modules\jsdom\lib\jsdom\living\window\Location-imp
l.js:47:10)
    at Location.set href [as href] (C:\military-Rural Revitalization-system\frontend\node_modules\jsdom\lib\jsdom\living\generated\Location.js:1
25:37)
    at pushSafe (C:\military-Rural Revitalization-system\frontend\src\composables\useRouterSafe.ts:54:25)
    at Proxy.handleEdit (C:\military-Rural Revitalization-system\frontend\src\views\projects\List.vue:373:3)
    at C:\military-Rural Revitalization-system\frontend\src\views\projects\__tests__\ProjectList.spec.ts:473:8 [90mundefined[39m

 [32m鉁?[39m tests/unit/components/DefaultLayout.property.test.ts [2m([22m[2m24 tests[22m[2m)[22m[90m 29[2mms[22m[39m
[90mstderr[2m | src/views/projects/__tests__/ProjectList.spec.ts[2m > [22m[2m寮傚父澶勭悊[2m > [22m[2mloadData 澶辫触搴旀樉绀洪敊璇秷鎭笖 loading 鎭㈠涓?fa
lse
[22m[39m[Projects] loadData failed: Error: 鏈嶅姟鍣ㄩ敊璇?    at [90mC:\military-Rural Revitalization-system\frontend\[39msrc\views\projects\__test
s__\ProjectList.spec.ts:543:36
    at [90mfile:///C:/military-Rural%20Revitalization-system/frontend/[39mnode_modules/[4m@vitest/runner[24m/dist/index.js:146:14
    at [90mfile:///C:/military-Rural%20Revitalization-system/frontend/[39mnode_modules/[4m@vitest/runner[24m/dist/index.js:533:11
    at runWithTimeout [90m(file:///C:/military-Rural%20Revitalization-system/frontend/[39mnode_modules/[4m@vitest/runner[24m/dist/index.js:3
9:7[90m)[39m
    at runTest [90m(file:///C:/military-Rural%20Revitalization-system/frontend/[39mnode_modules/[4m@vitest/runner[24m/dist/index.js:1056:17
[90m)[39m
    at runSuite [90m(file:///C:/military-Rural%20Revitalization-system/frontend/[39mnode_modules/[4m@vitest/runner[24m/dist/index.js:1205:15
[90m)[39m
    at runSuite [90m(file:///C:/military-Rural%20Revitalization-system/frontend/[39mnode_modules/[4m@vitest/runner[24m/dist/index.js:1205:15
[90m)[39m
    at runFiles [90m(file:///C:/military-Rural%20Revitalization-system/frontend/[39mnode_modules/[4m@vitest/runner[24m/dist/index.js:1262:5
[90m)[39m
    at startTests [90m(file:///C:/military-Rural%20Revitalization-system/frontend/[39mnode_modules/[4m@vitest/runner[24m/dist/index.js:1271:
3[90m)[39m
    at [90mfile:///C:/military-Rural%20Revitalization-system/frontend/[39mnode_modules/[4mvitest[24m/dist/chunks/runBaseTests.3qpJUEJM.js:12
6:11

 [32m鉁?[39m tests/unit/utils/uniqueValidation.test.ts [2m([22m[2m23 tests[22m[2m)[22m[90m 67[2mms[22m[39m
 [32m鉁?[39m tests/unit/composables/useAccessibility.test.ts [2m([22m[2m18 tests[22m[2m)[22m[90m 162[2mms[22m[39m
 [32m鉁?[39m src/views/projects/__tests__/ProjectList.spec.ts [2m([22m[2m31 tests[22m[2m)[22m[33m 2556[2mms[22m[39m
   [33m[2m鉁?[22m[39m 鍒濆鍖栧姞杞?[2m > [22m鎸傝浇鍚庡簲璋冪敤 loadData 鍜?loadStats [33m450[2mms[22m[39m
 [32m鉁?[39m tests/unit/stores/dataPackage.test.ts [2m([22m[2m21 tests[22m[2m)[22m[90m 89[2mms[22m[39m
 [32m鉁?[39m tests/unit/api/policyRuralWork.test.ts [2m([22m[2m25 tests[22m[2m)[22m[90m 60[2mms[22m[39m
 [32m鉁?[39m tests/unit/utils/desensitize.test.ts [2m([22m[2m41 tests[22m[2m)[22m[90m 253[2mms[22m[39m
 [32m鉁?[39m tests/unit/stores/auth.test.ts [2m([22m[2m15 tests[22m[2m)[22m[90m 41[2mms[22m[39m
 [32m鉁?[39m tests/unit/stores/auth-store.test.ts [2m([22m[2m20 tests[22m[2m)[22m[90m 78[2mms[22m[39m
 [32m鉁?[39m tests/unit/validator.test.ts [2m([22m[2m26 tests[22m[2m)[22m[90m 57[2mms[22m[39m
 [32m鉁?[39m tests/unit/composables/useOptimisticUpdate.test.ts [2m([22m[2m16 tests[22m[2m)[22m[90m 181[2mms[22m[39m
[90mstderr[2m | tests/unit/utils/jwt.test.ts[2m > [22m[2mutils/jwt[2m > [22m[2mdecodeJwtPayload[2m > [22m[2mreturns null on bad base6
4
[22m[39m[JWT] 瑙ｇ爜澶辫触: DOMException [InvalidCharacterError]: Invalid character
[90m    at atob (node:buffer:1304:13)[39m
    at Module.decodeJwtPayload [90m(C:\military-Rural Revitalization-system\frontend\[39msrc\utils\jwt.ts:126:9[90m)[39m
    at [90mC:\military-Rural Revitalization-system\frontend\[39mtests\unit\utils\jwt.test.ts:61:14
    at [90mfile:///C:/military-Rural%20Revitalization-system/frontend/[39mnode_modules/[4m@vitest/runner[24m/dist/index.js:146:14
    at [90mfile:///C:/military-Rural%20Revitalization-system/frontend/[39mnode_modules/[4m@vitest/runner[24m/dist/index.js:533:11
    at runWithTimeout [90m(file:///C:/military-Rural%20Revitalization-system/frontend/[39mnode_modules/[4m@vitest/runner[24m/dist/index.js:3
9:7[90m)[39m
    at runTest [90m(file:///C:/military-Rural%20Revitalization-system/frontend/[39mnode_modules/[4m@vitest/runner[24m/dist/index.js:1056:17
[90m)[39m
    at runSuite [90m(file:///C:/military-Rural%20Revitalization-system/frontend/[39mnode_modules/[4m@vitest/runner[24m/dist/index.js:1205:15
[90m)[39m
    at runSuite [90m(file:///C:/military-Rural%20Revitalization-system/frontend/[39mnode_modules/[4m@vitest/runner[24m/dist/index.js:1205:15
[90m)[39m
    at runSuite [90m(file:///C:/military-Rural%20Revitalization-system/frontend/[39mnode_modules/[4m@vitest/runner[24m/dist/index.js:1205:15
[90m)[39m

[90mstderr[2m | tests/unit/utils/jwt.test.ts[2m > [22m[2mutils/jwt[2m > [22m[2mdecodeJwtPayload[2m > [22m[2mreturns null when JSON.pa
rse fails
[22m[39m[JWT] 瑙ｇ爜澶辫触: SyntaxError: Unexpected token '#', "#notjson!" is not valid JSON
    at JSON.parse (<anonymous>)
    at Module.decodeJwtPayload [90m(C:\military-Rural Revitalization-system\frontend\[39msrc\utils\jwt.ts:124:25[90m)[39m
    at [90mC:\military-Rural Revitalization-system\frontend\[39mtests\unit\utils\jwt.test.ts:76:14
    at [90mfile:///C:/military-Rural%20Revitalization-system/frontend/[39mnode_modules/[4m@vitest/runner[24m/dist/index.js:146:14
    at [90mfile:///C:/military-Rural%20Revitalization-system/frontend/[39mnode_modules/[4m@vitest/runner[24m/dist/index.js:533:11
    at runWithTimeout [90m(file:///C:/military-Rural%20Revitalization-system/frontend/[39mnode_modules/[4m@vitest/runner[24m/dist/index.js:3
9:7[90m)[39m
    at runTest [90m(file:///C:/military-Rural%20Revitalization-system/frontend/[39mnode_modules/[4m@vitest/runner[24m/dist/index.js:1056:17
[90m)[39m
    at runSuite [90m(file:///C:/military-Rural%20Revitalization-system/frontend/[39mnode_modules/[4m@vitest/runner[24m/dist/index.js:1205:15
[90m)[39m
    at runSuite [90m(file:///C:/military-Rural%20Revitalization-system/frontend/[39mnode_modules/[4m@vitest/runner[24m/dist/index.js:1205:15
[90m)[39m
    at runSuite [90m(file:///C:/military-Rural%20Revitalization-system/frontend/[39mnode_modules/[4m@vitest/runner[24m/dist/index.js:1205:15
[90m)[39m

[90mstderr[2m | tests/unit/utils/jwt.test.ts[2m > [22m[2mutils/jwt[2m > [22m[2mdecodeJwtPayload[2m > [22m[2mnon-standard 3-part token
 still attempts to parse
[22m[39m[JWT] 瑙ｇ爜澶辫触: DOMException [InvalidCharacterError]: The string to be decoded is not correctly encoded.
[90m    at atob (node:buffer:1306:13)[39m
    at Module.decodeJwtPayload [90m(C:\military-Rural Revitalization-system\frontend\[39msrc\utils\jwt.ts:126:9[90m)[39m
    at [90mC:\military-Rural Revitalization-system\frontend\[39mtests\unit\utils\jwt.test.ts:94:14
    at [90mfile:///C:/military-Rural%20Revitalization-system/frontend/[39mnode_modules/[4m@vitest/runner[24m/dist/index.js:146:14
    at [90mfile:///C:/military-Rural%20Revitalization-system/frontend/[39mnode_modules/[4m@vitest/runner[24m/dist/index.js:533:11
    at runWithTimeout [90m(file:///C:/military-Rural%20Revitalization-system/frontend/[39mnode_modules/[4m@vitest/runner[24m/dist/index.js:3
9:7[90m)[39m
    at runTest [90m(file:///C:/military-Rural%20Revitalization-system/frontend/[39mnode_modules/[4m@vitest/runner[24m/dist/index.js:1056:17
[90m)[39m
    at runSuite [90m(file:///C:/military-Rural%20Revitalization-system/frontend/[39mnode_modules/[4m@vitest/runner[24m/dist/index.js:1205:15
[90m)[39m
    at runSuite [90m(file:///C:/military-Rural%20Revitalization-system/frontend/[39mnode_modules/[4m@vitest/runner[24m/dist/index.js:1205:15
[90m)[39m
    at runSuite [90m(file:///C:/military-Rural%20Revitalization-system/frontend/[39mnode_modules/[4m@vitest/runner[24m/dist/index.js:1205:15
[90m)[39m

 [32m鉁?[39m tests/unit/utils/jwt.test.ts [2m([22m[2m24 tests[22m[2m)[22m[90m 67[2mms[22m[39m
[90mstderr[2m | tests/unit/composables/useAutoSave.test.ts[2m > [22m[2museAutoSave[2m > [22m[2m鍒濆鐘舵€? isDirty=false, isSaving=false, la
stSaved=null
[22m[39m[Vue warn]: onUnmounted is called when there is no active component instance to be associated with. Lifecycle injection APIs can only 
be used during execution of setup(). If you are using async setup(), make sure to register lifecycle hooks before the first await statement.

[90mstderr[2m | tests/unit/composables/useAutoSave.test.ts[2m > [22m[2museAutoSave[2m > [22m[2mmarkDirty 鍚?isDirty 鍙?true
[22m[39m[Vue warn]: onUnmounted is called when there is no active component instance to be associated with. Lifecycle injection APIs can only 
be used during execution of setup(). If you are using async setup(), make sure to register lifecycle hooks before the first await statement.

[90mstderr[2m | tests/unit/composables/useAutoSave.test.ts[2m > [22m[2museAutoSave[2m > [22m[2m寤惰繜鍚庤嚜鍔ㄨЕ鍙?saveFn
[22m[39m[Vue warn]: onUnmounted is called when there is no active component instance to be associated with. Lifecycle injection APIs can only 
be used during execution of setup(). If you are using async setup(), make sure to register lifecycle hooks before the first await statement.

[90mstderr[2m | tests/unit/composables/useAutoSave.test.ts[2m > [22m[2museAutoSave[2m > [22m[2mtriggerSave 鎴愬姛鏃舵洿鏂?lastSaved 骞舵竻闄?isDirt
y
[22m[39m[Vue warn]: onUnmounted is called when there is no active component instance to be associated with. Lifecycle injection APIs can only 
be used during execution of setup(). If you are using async setup(), make sure to register lifecycle hooks before the first await statement.

[90mstderr[2m | tests/unit/composables/useAutoSave.test.ts[2m > [22m[2museAutoSave[2m > [22m[2mtriggerSave 澶辫触鏃朵笉鎶涘嚭浣?console.error 璁板綍
[22m[39m[Vue warn]: onUnmounted is called when there is no active component instance to be associated with. Lifecycle injection APIs can only 
be used during execution of setup(). If you are using async setup(), make sure to register lifecycle hooks before the first await statement.

[90mstderr[2m | tests/unit/composables/useAutoSave.test.ts[2m > [22m[2museAutoSave[2m > [22m[2m鏈?markDirty 鏃?triggerSave 涓嶄細璋冪敤 saveFn
[22m[39m[Vue warn]: onUnmounted is called when there is no active component instance to be associated with. Lifecycle injection APIs can only 
be used during execution of setup(). If you are using async setup(), make sure to register lifecycle hooks before the first await statement.

[90mstderr[2m | tests/unit/composables/useAutoSave.test.ts[2m > [22m[2museAutoSave[2m > [22m[2mpause 鏆傚仠鍚?triggerSave 涓嶆墽琛?[22m[39m[Vu
e warn]: onUnmounted is called when there is no active component instance to be associated with. Lifecycle injection APIs can only be used durin
g execution of setup(). If you are using async setup(), make sure to register lifecycle hooks before the first await statement.

[90mstderr[2m | tests/unit/composables/useAutoSave.test.ts[2m > [22m[2museAutoSave[2m > [22m[2mresume 鎭㈠鍚?triggerSave 姝ｅ父
[22m[39m[Vue warn]: onUnmounted is called when there is no active component instance to be associated with. Lifecycle injection APIs can only 
be used during execution of setup(). If you are using async setup(), make sure to register lifecycle hooks before the first await statement.

[90mstderr[2m | tests/unit/composables/useAutoSave.test.ts[2m > [22m[2museAutoSave[2m > [22m[2menabled=false 鏃?triggerSave 涓嶆墽琛?[22m[3
9m[Vue warn]: onUnmounted is called when there is no active component instance to be associated with. Lifecycle injection APIs can only be used 
during execution of setup(). If you are using async setup(), make sure to register lifecycle hooks before the first await statement.

[90mstderr[2m | tests/unit/composables/useAutoSave.test.ts[2m > [22m[2museAutoSave[2m > [22m[2mpersistDraft=true 鏃?markDirty 鍐欏叆 localSt
orage
[22m[39m[Vue warn]: onUnmounted is called when there is no active component instance to be associated with. Lifecycle injection APIs can only 
be used during execution of setup(). If you are using async setup(), make sure to register lifecycle hooks before the first await statement.

[90mstderr[2m | tests/unit/composables/useAutoSave.test.ts[2m > [22m[2museAutoSave[2m > [22m[2mrestoreDraft 杩斿洖 null 褰撴棤 storageKey
[22m[39m[Vue warn]: onUnmounted is called when there is no active component instance to be associated with. Lifecycle injection APIs can only 
be used during execution of setup(). If you are using async setup(), make sure to register lifecycle hooks before the first await statement.

[90mstderr[2m | tests/unit/composables/useAutoSave.test.ts[2m > [22m[2museAutoSave[2m > [22m[2mrestoreDraft 杩斿洖 null 褰撴棤鑽夌
[22m[39m[Vue warn]: onUnmounted is called when there is no active component instance to be associated with. Lifecycle injection APIs can only 
be used during execution of setup(). If you are using async setup(), make sure to register lifecycle hooks before the first await statement.

[90mstderr[2m | tests/unit/composables/useAutoSave.test.ts[2m > [22m[2museAutoSave[2m > [22m[2mrestoreDraft 杩斿洖宸插瓨鑽夌
[22m[39m[Vue warn]: onUnmounted is called when there is no active component instance to be associated with. Lifecycle injection APIs can only 
be used during execution of setup(). If you are using async setup(), make sure to register lifecycle hooks before the first await statement.

[90mstderr[2m | tests/unit/composables/useAutoSave.test.ts[2m > [22m[2museAutoSave[2m > [22m[2mclearDraft 娓呴櫎 localStorage 鍜?hasDraft
[22m[39m[Vue warn]: onUnmounted is called when there is no active component instance to be associated with. Lifecycle injection APIs can only 
be used during execution of setup(). If you are using async setup(), make sure to register lifecycle hooks before the first await statement.

 [32m鉁?[39m tests/unit/composables/useAutoSave.test.ts [2m([22m[2m14 tests[22m[2m)[22m[90m 66[2mms[22m[39m
 [32m鉁?[39m src/api/__tests__/projects.spec.ts [2m([22m[2m21 tests[22m[2m)[22m[90m 57[2mms[22m[39m
 [32m鉁?[39m tests/unit/api/dataPackage.test.ts [2m([22m[2m14 tests[22m[2m)[22m[90m 72[2mms[22m[39m
 [32m鉁?[39m tests/unit/composables/useResponsiveSidebar.test.ts [2m([22m[2m14 tests[22m[2m)[22m[90m 70[2mms[22m[39m
 [32m鉁?[39m tests/unit/api/message.test.ts [2m([22m[2m15 tests[22m[2m)[22m[90m 33[2mms[22m[39m
 [32m鉁?[39m tests/unit/api/request-interceptors.test.ts [2m([22m[2m11 tests[22m[2m)[22m[90m 34[2mms[22m[39m
 [32m鉁?[39m tests/unit/utils/permissionAudit.test.ts [2m([22m[2m13 tests[22m[2m)[22m[90m 47[2mms[22m[39m
[90mstdout[2m | tests/unit/utils/permissionAudit.test.ts[2m > [22m[2mutils/permissionAudit[2m > [22m[2mrunPermissionAudit[2m > [22m[2mPROD -> noop
[22m[39m馃攳 鏉冮檺瀹¤鎶ュ憡
  鈩癸笍 鎻愮ず (5)
    [-] 瑙掕壊 "super_admin" 鎷ユ湁鏉冮檺 "*"锛屼絾娌℃湁璺敱浣跨敤璇ユ潈闄?    [-] 瑙掕壊 "admin" 鎷ユ湁鏉冮檺 "write"锛屼絾娌℃湁璺敱浣跨敤璇ユ潈闄?    [-] 瑙掕壊 "admin" 鎷ユ湁鏉冮檺 "delete"锛屼絾娌℃湁璺敱浣跨敤璇ユ潈闄?    [-] 瑙掕壊 "manager" 鎷ユ湁鏉冮檺 "write"锛屼絾娌℃湁璺敱浣跨敤璇ユ潈闄?    [-] 瑙掕壊 "operator" 鎷ユ湁鏉冮檺 "write"锛屼絾娌℃湁璺敱浣跨敤璇ユ潈闄?
[90mstdout[2m | tests/unit/utils/permissionAudit.test.ts[2m > [22m[2mutils/permissionAudit[2m > [22m[2mrunPermissionAudit[2m > [22m[2mDEV no issues -> success log
[22m[39m馃攳 鏉冮檺瀹¤鎶ュ憡
  鈩癸笍 鎻愮ず (5)
    [-] 瑙掕壊 "super_admin" 鎷ユ湁鏉冮檺 "*"锛屼絾娌℃湁璺敱浣跨敤璇ユ潈闄?    [-] 瑙掕壊 "admin" 鎷ユ湁鏉冮檺 "write"锛屼絾娌℃湁璺敱浣跨敤璇ユ潈闄?    [-] 瑙掕壊 "admin" 鎷ユ湁鏉冮檺 "delete"锛屼絾娌℃湁璺敱浣跨敤璇ユ潈闄?    [-] 瑙掕壊 "manager" 鎷ユ湁鏉冮檺 "write"锛屼絾娌℃湁璺敱浣跨敤璇ユ潈闄?    [-] 瑙掕壊 "operator" 鎷ユ湁鏉冮檺 "write"锛屼絾娌℃湁璺敱浣跨敤璇ユ潈闄?
[90mstdout[2m | tests/unit/utils/permissionAudit.test.ts[2m > [22m[2mutils/permissionAudit[2m > [22m[2mrunPermissionAudit[2m > [22m[2mDEV with issues -> grouped
[22m[39m[-] 瑙掕壊 "super_admin" 鎷ユ湁鏉冮檺 "*"锛屼絾娌℃湁璺敱浣跨敤璇ユ潈闄?[-] 瑙掕壊 "admin" 鎷ユ湁鏉冮檺 "write"锛屼絾娌℃湁璺敱浣跨敤璇ユ潈闄?[-] 瑙掕壊 "admin" 鎷ユ湁鏉冮檺 "delete"锛屼絾娌℃湁璺敱浣跨敤璇ユ潈闄?[-] 瑙掕壊 "manager" 鎷ユ湁鏉冮檺 "write"锛屼絾娌℃湁璺敱浣跨敤璇ユ潈闄?[-] 瑙掕壊 "operator" 鎷ユ湁鏉冮檺 "write"锛屼絾娌℃湁璺敱浣跨敤璇ユ潈闄?
 [32m鉁?[39m tests/unit/stores/simple-stores.test.ts [2m([22m[2m16 tests[22m[2m)[22m[90m 151[2mms[22m[39m
 [32m鉁?[39m tests/unit/sanitize.test.ts [2m([22m[2m20 tests[22m[2m)[22m[33m 381[2mms[22m[39m
[90mstderr[2m | tests/unit/utils/clipboard.test.ts[2m > [22m[2mutils/clipboard[2m > [22m[2mcopyToClipboard[2m > [22m[2mnavigator.clip
board 鎶涢敊 -> 闄嶇骇鍒?execCommand
[22m[39m鍓创鏉垮啓鍏ュけ璐? Error: denied
    at [90mC:\military-Rural Revitalization-system\frontend\[39mtests\unit\utils\clipboard.test.ts:31:101
    at [90mfile:///C:/military-Rural%20Revitalization-system/frontend/[39mnode_modules/[4m@vitest/runner[24m/dist/index.js:146:14
    at [90mfile:///C:/military-Rural%20Revitalization-system/frontend/[39mnode_modules/[4m@vitest/runner[24m/dist/index.js:533:11
    at runWithTimeout [90m(file:///C:/military-Rural%20Revitalization-system/frontend/[39mnode_modules/[4m@vitest/runner[24m/dist/index.js:3
9:7[90m)[39m
    at runTest [90m(file:///C:/military-Rural%20Revitalization-system/frontend/[39mnode_modules/[4m@vitest/runner[24m/dist/index.js:1056:17
[90m)[39m
    at runSuite [90m(file:///C:/military-Rural%20Revitalization-system/frontend/[39mnode_modules/[4m@vitest/runner[24m/dist/index.js:1205:15
[90m)[39m
    at runSuite [90m(file:///C:/military-Rural%20Revitalization-system/frontend/[39mnode_modules/[4m@vitest/runner[24m/dist/index.js:1205:15
[90m)[39m
    at runSuite [90m(file:///C:/military-Rural%20Revitalization-system/frontend/[39mnode_modules/[4m@vitest/runner[24m/dist/index.js:1205:15
[90m)[39m
    at runFiles [90m(file:///C:/military-Rural%20Revitalization-system/frontend/[39mnode_modules/[4m@vitest/runner[24m/dist/index.js:1262:5
[90m)[39m
    at startTests [90m(file:///C:/military-Rural%20Revitalization-system/frontend/[39mnode_modules/[4m@vitest/runner[24m/dist/index.js:1271:
3[90m)[39m

[90mstderr[2m | tests/unit/utils/clipboard.test.ts[2m > [22m[2mutils/clipboard[2m > [22m[2mcopyToClipboard[2m > [22m[2mexecCommand 涔熷
け璐? 閿欒娑堟伅
[22m[39m澶嶅埗澶辫触: Error: exec fail
    at Document.<anonymous> [90m(C:\military-Rural Revitalization-system\frontend\[39mtests\unit\utils\clipboard.test.ts:54:50[90m)[39m
    at Document.mockCall [90m(file:///C:/military-Rural%20Revitalization-system/frontend/[39mnode_modules/[4m@vitest/spy[24m/dist/index.js:6
1:17[90m)[39m
    at Document.spy [as execCommand] [90m(file:///C:/military-Rural%20Revitalization-system/frontend/[39mnode_modules/[4mtinyspy[24m/dist/in
dex.js:45:80[90m)[39m
    at Module.copyToClipboard [90m(C:\military-Rural Revitalization-system\frontend\[39msrc\utils\clipboard.ts:37:14[90m)[39m
    at [90mC:\military-Rural Revitalization-system\frontend\[39mtests\unit\utils\clipboard.test.ts:55:23
    at [90mfile:///C:/military-Rural%20Revitalization-system/frontend/[39mnode_modules/[4m@vitest/runner[24m/dist/index.js:146:14
    at [90mfile:///C:/military-Rural%20Revitalization-system/frontend/[39mnode_modules/[4m@vitest/runner[24m/dist/index.js:533:11
    at runWithTimeout [90m(file:///C:/military-Rural%20Revitalization-system/frontend/[39mnode_modules/[4m@vitest/runner[24m/dist/index.js:3
9:7[90m)[39m
    at runTest [90m(file:///C:/military-Rural%20Revitalization-system/frontend/[39mnode_modules/[4m@vitest/runner[24m/dist/index.js:1056:17
[90m)[39m
    at runSuite [90m(file:///C:/military-Rural%20Revitalization-system/frontend/[39mnode_modules/[4m@vitest/runner[24m/dist/index.js:1205:15
[90m)[39m

 [32m鉁?[39m tests/unit/utils/clipboard.test.ts [2m([22m[2m15 tests[22m[2m)[22m[90m 103[2mms[22m[39m
 [32m鉁?[39m tests/unit/api/projectsSchools.test.ts [2m([22m[2m20 tests[22m[2m)[22m[90m 40[2mms[22m[39m
 [32m鉁?[39m tests/unit/utils/logger.test.ts [2m([22m[2m19 tests[22m[2m)[22m[90m 53[2mms[22m[39m
 [32m鉁?[39m tests/unit/stores/funds-store.test.ts [2m([22m[2m12 tests[22m[2m)[22m[90m 51[2mms[22m[39m
 [32m鉁?[39m tests/unit/utils/sanitize.test.ts [2m([22m[2m20 tests[22m[2m)[22m[90m 127[2mms[22m[39m
[90mstderr[2m | tests/unit/utils/LocalStorageManager.test.ts[2m > [22m[2mutils/LocalStorageManager[2m > [22m[2msaveData[2m > [22m[2ms
erialize error -> false
[22m[39mFailed to save data for key a: TypeError: Converting circular structure to JSON
    --> starting at object with constructor 'Object'
    --- property 'self' closes the circle
    at JSON.stringify (<anonymous>)
    at LocalStorageManager.saveData [90m(C:\military-Rural Revitalization-system\frontend\[39msrc\utils\LocalStorageManager.ts:38:29[90m)[39
m
    at [90mC:\military-Rural Revitalization-system\frontend\[39mtests\unit\utils\LocalStorageManager.test.ts:23:18
    at [90mfile:///C:/military-Rural%20Revitalization-system/frontend/[39mnode_modules/[4m@vitest/runner[24m/dist/index.js:146:14
    at [90mfile:///C:/military-Rural%20Revitalization-system/frontend/[39mnode_modules/[4m@vitest/runner[24m/dist/index.js:533:11
    at runWithTimeout [90m(file:///C:/military-Rural%20Revitalization-system/frontend/[39mnode_modules/[4m@vitest/runner[24m/dist/index.js:3
9:7[90m)[39m
    at runTest [90m(file:///C:/military-Rural%20Revitalization-system/frontend/[39mnode_modules/[4m@vitest/runner[24m/dist/index.js:1056:17
[90m)[39m
    at runSuite [90m(file:///C:/military-Rural%20Revitalization-system/frontend/[39mnode_modules/[4m@vitest/runner[24m/dist/index.js:1205:15
[90m)[39m
    at runSuite [90m(file:///C:/military-Rural%20Revitalization-system/frontend/[39mnode_modules/[4m@vitest/runner[24m/dist/index.js:1205:15
[90m)[39m
    at runSuite [90m(file:///C:/military-Rural%20Revitalization-system/frontend/[39mnode_modules/[4m@vitest/runner[24m/dist/index.js:1205:15
[90m)[39m

[90mstderr[2m | tests/unit/utils/LocalStorageManager.test.ts[2m > [22m[2mutils/LocalStorageManager[2m > [22m[2mgetData[2m > [22m[2min
valid JSON -> null
[22m[39mFailed to get data for key a: SyntaxError: Unexpected token 'o', "not-json" is not valid JSON
    at JSON.parse (<anonymous>)
    at LocalStorageManager.getData [90m(C:\military-Rural Revitalization-system\frontend\[39msrc\utils\LocalStorageManager.ts:54:19[90m)[39m
    at [90mC:\military-Rural Revitalization-system\frontend\[39mtests\unit\utils\LocalStorageManager.test.ts:30:90
    at [90mfile:///C:/military-Rural%20Revitalization-system/frontend/[39mnode_modules/[4m@vitest/runner[24m/dist/index.js:146:14
    at [90mfile:///C:/military-Rural%20Revitalization-system/frontend/[39mnode_modules/[4m@vitest/runner[24m/dist/index.js:533:11
    at runWithTimeout [90m(file:///C:/military-Rural%20Revitalization-system/frontend/[39mnode_modules/[4m@vitest/runner[24m/dist/index.js:3
9:7[90m)[39m
    at runTest [90m(file:///C:/military-Rural%20Revitalization-system/frontend/[39mnode_modules/[4m@vitest/runner[24m/dist/index.js:1056:17
[90m)[39m
    at runSuite [90m(file:///C:/military-Rural%20Revitalization-system/frontend/[39mnode_modules/[4m@vitest/runner[24m/dist/index.js:1205:15
[90m)[39m
    at runSuite [90m(file:///C:/military-Rural%20Revitalization-system/frontend/[39mnode_modules/[4m@vitest/runner[24m/dist/index.js:1205:15
[90m)[39m
    at runSuite [90m(file:///C:/military-Rural%20Revitalization-system/frontend/[39mnode_modules/[4m@vitest/runner[24m/dist/index.js:1205:15
[90m)[39m

[90mstderr[2m | tests/unit/utils/LocalStorageManager.test.ts[2m > [22m[2mutils/LocalStorageManager[2m > [22m[2mstorage unavailable[2m >
 [22m[2msaveData returns false
[22m[39mLocalStorage is not available: Error: quota
    at Object.localStorage.setItem [90m(C:\military-Rural Revitalization-system\frontend\[39mtests\unit\utils\LocalStorageManager.test.ts:83:5
4[90m)[39m
    at LocalStorageManager.isStorageAvailable [90m(C:\military-Rural Revitalization-system\frontend\[39msrc\utils\LocalStorageManager.ts:24:20
[90m)[39m
    at LocalStorageManager.saveData [90m(C:\military-Rural Revitalization-system\frontend\[39msrc\utils\LocalStorageManager.ts:35:15[90m)[39
m
    at [90mC:\military-Rural Revitalization-system\frontend\[39mtests\unit\utils\LocalStorageManager.test.ts:84:18
    at [90mfile:///C:/military-Rural%20Revitalization-system/frontend/[39mnode_modules/[4m@vitest/runner[24m/dist/index.js:146:14
    at [90mfile:///C:/military-Rural%20Revitalization-system/frontend/[39mnode_modules/[4m@vitest/runner[24m/dist/index.js:533:11
    at runWithTimeout [90m(file:///C:/military-Rural%20Revitalization-system/frontend/[39mnode_modules/[4m@vitest/runner[24m/dist/index.js:3
9:7[90m)[39m
    at runTest [90m(file:///C:/military-Rural%20Revitalization-system/frontend/[39mnode_modules/[4m@vitest/runner[24m/dist/index.js:1056:17
[90m)[39m
    at runSuite [90m(file:///C:/military-Rural%20Revitalization-system/frontend/[39mnode_modules/[4m@vitest/runner[24m/dist/index.js:1205:15
[90m)[39m
    at runSuite [90m(file:///C:/military-Rural%20Revitalization-system/frontend/[39mnode_modules/[4m@vitest/runner[24m/dist/index.js:1205:15
[90m)[39m

[90mstderr[2m | tests/unit/utils/LocalStorageManager.test.ts[2m > [22m[2mutils/LocalStorageManager[2m > [22m[2mstorage unavailable[2m >
 [22m[2mgetData returns null
[22m[39mLocalStorage is not available: Error: quota
    at Object.localStorage.setItem [90m(C:\military-Rural Revitalization-system\frontend\[39mtests\unit\utils\LocalStorageManager.test.ts:89:5
4[90m)[39m
    at LocalStorageManager.isStorageAvailable [90m(C:\military-Rural Revitalization-system\frontend\[39msrc\utils\LocalStorageManager.ts:24:20
[90m)[39m
    at LocalStorageManager.getData [90m(C:\military-Rural Revitalization-system\frontend\[39msrc\utils\LocalStorageManager.ts:49:15[90m)[39m
    at [90mC:\military-Rural Revitalization-system\frontend\[39mtests\unit\utils\LocalStorageManager.test.ts:90:18
    at [90mfile:///C:/military-Rural%20Revitalization-system/frontend/[39mnode_modules/[4m@vitest/runner[24m/dist/index.js:146:14
    at [90mfile:///C:/military-Rural%20Revitalization-system/frontend/[39mnode_modules/[4m@vitest/runner[24m/dist/index.js:533:11
    at runWithTimeout [90m(file:///C:/military-Rural%20Revitalization-system/frontend/[39mnode_modules/[4m@vitest/runner[24m/dist/index.js:3
9:7[90m)[39m
    at runTest [90m(file:///C:/military-Rural%20Revitalization-system/frontend/[39mnode_modules/[4m@vitest/runner[24m/dist/index.js:1056:17
[90m)[39m
    at runSuite [90m(file:///C:/military-Rural%20Revitalization-system/frontend/[39mnode_modules/[4m@vitest/runner[24m/dist/index.js:1205:15
[90m)[39m
    at runSuite [90m(file:///C:/military-Rural%20Revitalization-system/frontend/[39mnode_modules/[4m@vitest/runner[24m/dist/index.js:1205:15
[90m)[39m

 [32m鉁?[39m tests/unit/utils/LocalStorageManager.test.ts [2m([22m[2m21 tests[22m[2m)[22m[90m 203[2mms[22m[39m
 [32m鉁?[39m tests/unit/utils/geo.test.ts [2m([22m[2m20 tests[22m[2m)[22m[90m 31[2mms[22m[39m
 [32m鉁?[39m tests/unit/api/analytics.test.ts [2m([22m[2m9 tests[22m[2m)[22m[90m 26[2mms[22m[39m
 [32m鉁?[39m tests/unit/stores/dataReport.test.ts [2m([22m[2m11 tests[22m[2m)[22m[90m 68[2mms[22m[39m
 [32m鉁?[39m tests/unit/stores/misc-stores.test.ts [2m([22m[2m18 tests[22m[2m)[22m[90m 65[2mms[22m[39m
 [32m鉁?[39m tests/unit/api/import.test.ts [2m([22m[2m10 tests[22m[2m)[22m[90m 27[2mms[22m[39m
 [32m鉁?[39m tests/unit/utils-core.test.ts [2m([22m[2m26 tests[22m[2m)[22m[90m 207[2mms[22m[39m
 [32m鉁?[39m tests/unit/logger.test.ts [2m([22m[2m14 tests[22m[2m)[22m[90m 159[2mms[22m[39m
 [32m鉁?[39m tests/unit/stores/rbac-store.test.ts [2m([22m[2m14 tests[22m[2m)[22m[90m 72[2mms[22m[39m
 [32m鉁?[39m tests/unit/offlineMock.test.ts [2m([22m[2m17 tests[22m[2m)[22m[90m 57[2mms[22m[39m
 [32m鉁?[39m tests/unit/stores/stores-coverage.test.ts [2m([22m[2m16 tests[22m[2m)[22m[33m 6925[2mms[22m[39m
   [33m[2m鉁?[22m[39m Store Import Verification[2m > [22mshould import auth store [33m6266[2mms[22m[39m
 [32m鉁?[39m tests/unit/stores/rbac.test.ts [2m([22m[2m13 tests[22m[2m)[22m[90m 70[2mms[22m[39m
[90mstderr[2m | tests/unit/composables/useKeyboardShortcuts.test.ts[2m > [22m[2museKeyboardShortcuts[2m > [22m[2mreturns registered shor
tcuts
[22m[39m[Vue warn]: onMounted is called when there is no active component instance to be associated with. Lifecycle injection APIs can only be
 used during execution of setup(). If you are using async setup(), make sure to register lifecycle hooks before the first await statement.
[Vue warn]: onUnmounted is called when there is no active component instance to be associated with. Lifecycle injection APIs can only be used du
ring execution of setup(). If you are using async setup(), make sure to register lifecycle hooks before the first await statement.

[90mstderr[2m | tests/unit/composables/useKeyboardShortcuts.test.ts[2m > [22m[2museKeyboardShortcuts[2m > [22m[2mregister adds a new sho
rtcut
[22m[39m[Vue warn]: onMounted is called when there is no active component instance to be associated with. Lifecycle injection APIs can only be
 used during execution of setup(). If you are using async setup(), make sure to register lifecycle hooks before the first await statement.
[Vue warn]: onUnmounted is called when there is no active component instance to be associated with. Lifecycle injection APIs can only be used du
ring execution of setup(). If you are using async setup(), make sure to register lifecycle hooks before the first await statement.

[90mstderr[2m | tests/unit/composables/useKeyboardShortcuts.test.ts[2m > [22m[2museKeyboardShortcuts[2m > [22m[2munregister removes a sh
ortcut
[22m[39m[Vue warn]: onMounted is called when there is no active component instance to be associated with. Lifecycle injection APIs can only be
 used during execution of setup(). If you are using async setup(), make sure to register lifecycle hooks before the first await statement.
[Vue warn]: onUnmounted is called when there is no active component instance to be associated with. Lifecycle injection APIs can only be used du
ring execution of setup(). If you are using async setup(), make sure to register lifecycle hooks before the first await statement.

[90mstderr[2m | tests/unit/composables/useKeyboardShortcuts.test.ts[2m > [22m[2museKeyboardShortcuts[2m > [22m[2mconflicts detects dupli
cate combos
[22m[39m[Vue warn]: onMounted is called when there is no active component instance to be associated with. Lifecycle injection APIs can only be
 used during execution of setup(). If you are using async setup(), make sure to register lifecycle hooks before the first await statement.
[Vue warn]: onUnmounted is called when there is no active component instance to be associated with. Lifecycle injection APIs can only be used du
ring execution of setup(). If you are using async setup(), make sure to register lifecycle hooks before the first await statement.

[90mstderr[2m | tests/unit/composables/useKeyboardShortcuts.test.ts[2m > [22m[2museKeyboardShortcuts[2m > [22m[2mgroupedShortcuts groups
 by group
[22m[39m[Vue warn]: onMounted is called when there is no active component instance to be associated with. Lifecycle injection APIs can only be
 used during execution of setup(). If you are using async setup(), make sure to register lifecycle hooks before the first await statement.
[Vue warn]: onUnmounted is called when there is no active component instance to be associated with. Lifecycle injection APIs can only be used du
ring execution of setup(). If you are using async setup(), make sure to register lifecycle hooks before the first await statement.

[90mstderr[2m | tests/unit/composables/useKeyboardShortcuts.test.ts[2m > [22m[2museKeyboardShortcuts[2m > [22m[2mshowHelp defaults to fa
lse
[22m[39m[Vue warn]: onMounted is called when there is no active component instance to be associated with. Lifecycle injection APIs can only be
 used during execution of setup(). If you are using async setup(), make sure to register lifecycle hooks before the first await statement.
[Vue warn]: onUnmounted is called when there is no active component instance to be associated with. Lifecycle injection APIs can only be used du
ring execution of setup(). If you are using async setup(), make sure to register lifecycle hooks before the first await statement.

 [32m鉁?[39m tests/unit/composables/useKeyboardShortcuts.test.ts [2m([22m[2m11 tests[22m[2m)[22m[90m 25[2mms[22m[39m
[90mstderr[2m | tests/unit/composables/useErrorHandler.test.ts[2m > [22m[2mcomposables/useErrorHandler[2m > [22m[2mhandleError[2m > [2
2m[2mextracts message from err.response.data.message
[22m[39m[ErrorHandler] 淇濆瓨鏁版嵁 {
  message: [32m'淇濆瓨鏁版嵁澶辫触: invalid input'[39m,
  code: [33m400[39m,
  details: { message: [32m'invalid input'[39m }
}

[90mstderr[2m | tests/unit/composables/useErrorHandler.test.ts[2m > [22m[2mcomposables/useErrorHandler[2m > [22m[2mhandleError[2m > [2
2m[2mfalls back to err.response.data.detail
[22m[39m[ErrorHandler] unknown context {
  message: [32m'鎿嶄綔澶辫触: detail msg'[39m,
  code: [33m500[39m,
  details: { detail: [32m'detail msg'[39m }
}

[90mstderr[2m | tests/unit/composables/useErrorHandler.test.ts[2m > [22m[2mcomposables/useErrorHandler[2m > [22m[2mhandleError[2m > [2
2m[2mfalls back to err.message
[22m[39m[ErrorHandler] unknown context {
  message: [32m'鎿嶄綔澶辫触: boom'[39m,
  code: [90mundefined[39m,
  details: Error: boom
      at [90mC:\military-Rural Revitalization-system\frontend\[39mtests\unit\composables\useErrorHandler.test.ts:33:21
      at [90mfile:///C:/military-Rural%20Revitalization-system/frontend/[39mnode_modules/[4m@vitest/runner[24m/dist/index.js:146:14
      at [90mfile:///C:/military-Rural%20Revitalization-system/frontend/[39mnode_modules/[4m@vitest/runner[24m/dist/index.js:533:11
      at runWithTimeout [90m(file:///C:/military-Rural%20Revitalization-system/frontend/[39mnode_modules/[4m@vitest/runner[24m/dist/index.js
:39:7[90m)[39m
      at runTest [90m(file:///C:/military-Rural%20Revitalization-system/frontend/[39mnode_modules/[4m@vitest/runner[24m/dist/index.js:1056:1
7[90m)[39m
      at runSuite [90m(file:///C:/military-Rural%20Revitalization-system/frontend/[39mnode_modules/[4m@vitest/runner[24m/dist/index.js:1205:
15[90m)[39m
      at runSuite [90m(file:///C:/military-Rural%20Revitalization-system/frontend/[39mnode_modules/[4m@vitest/runner[24m/dist/index.js:1205:
15[90m)[39m
      at runSuite [90m(file:///C:/military-Rural%20Revitalization-system/frontend/[39mnode_modules/[4m@vitest/runner[24m/dist/index.js:1205:
15[90m)[39m
      at runFiles [90m(file:///C:/military-Rural%20Revitalization-system/frontend/[39mnode_modules/[4m@vitest/runner[24m/dist/index.js:1262:
5[90m)[39m
      at startTests [90m(file:///C:/military-Rural%20Revitalization-system/frontend/[39mnode_modules/[4m@vitest/runner[24m/dist/index.js:127
1:3[90m)[39m
}

[90mstderr[2m | tests/unit/composables/useErrorHandler.test.ts[2m > [22m[2mcomposables/useErrorHandler[2m > [22m[2mhandleError[2m > [2
2m[2mfalls back to err as truthy
[22m[39m[ErrorHandler] unknown context {
  message: [32m'鎿嶄綔澶辫触: string error'[39m,
  code: [90mundefined[39m,
  details: [32m'string error'[39m
}

[90mstderr[2m | tests/unit/composables/useErrorHandler.test.ts[2m > [22m[2mcomposables/useErrorHandler[2m > [22m[2mhandleError[2m > [2
2m[2mfalls back to 鏈煡閿欒
[22m[39m[ErrorHandler] unknown context { message: [32m'鎿嶄綔澶辫触: 鏈煡閿欒'[39m, code: [90mundefined[39m, details: [1mnull[22m }

[90mstderr[2m | tests/unit/composables/useErrorHandler.test.ts[2m > [22m[2mcomposables/useErrorHandler[2m > [22m[2mhandleError[2m > [2
2m[2muses err.code when no response.status
[22m[39m[ErrorHandler] unknown context {
  message: [32m'鎿嶄綔澶辫触: [object Object]'[39m,
  code: [32m'E001'[39m,
  details: { code: [32m'E001'[39m }
}

[90mstderr[2m | tests/unit/composables/useErrorHandler.test.ts[2m > [22m[2mcomposables/useErrorHandler[2m > [22m[2mhandleError[2m > [2
2m[2mshowNotification=false 璺宠繃 ElMessage
[22m[39m[ErrorHandler] ctx {
  message: [32m'ctx澶辫触: x'[39m,
  code: [90mundefined[39m,
  details: Error: x
      at [90mC:\military-Rural Revitalization-system\frontend\[39mtests\unit\composables\useErrorHandler.test.ts:54:21
      at [90mfile:///C:/military-Rural%20Revitalization-system/frontend/[39mnode_modules/[4m@vitest/runner[24m/dist/index.js:146:14
      at [90mfile:///C:/military-Rural%20Revitalization-system/frontend/[39mnode_modules/[4m@vitest/runner[24m/dist/index.js:533:11
      at runWithTimeout [90m(file:///C:/military-Rural%20Revitalization-system/frontend/[39mnode_modules/[4m@vitest/runner[24m/dist/index.js
:39:7[90m)[39m
      at runTest [90m(file:///C:/military-Rural%20Revitalization-system/frontend/[39mnode_modules/[4m@vitest/runner[24m/dist/index.js:1056:1
7[90m)[39m
      at runSuite [90m(file:///C:/military-Rural%20Revitalization-system/frontend/[39mnode_modules/[4m@vitest/runner[24m/dist/index.js:1205:
15[90m)[39m
      at runSuite [90m(file:///C:/military-Rural%20Revitalization-system/frontend/[39mnode_modules/[4m@vitest/runner[24m/dist/index.js:1205:
15[90m)[39m
      at runSuite [90m(file:///C:/military-Rural%20Revitalization-system/frontend/[39mnode_modules/[4m@vitest/runner[24m/dist/index.js:1205:
15[90m)[39m
      at runFiles [90m(file:///C:/military-Rural%20Revitalization-system/frontend/[39mnode_modules/[4m@vitest/runner[24m/dist/index.js:1262:
5[90m)[39m
      at startTests [90m(file:///C:/military-Rural%20Revitalization-system/frontend/[39mnode_modules/[4m@vitest/runner[24m/dist/index.js:127
1:3[90m)[39m
}

[90mstderr[2m | tests/unit/composables/useErrorHandler.test.ts[2m > [22m[2mcomposables/useErrorHandler[2m > [22m[2mhandleError[2m > [2
2m[2mshowNotification=true 璋?ElMessage
[22m[39m[ErrorHandler] unknown context {
  message: [32m'鎿嶄綔澶辫触: x'[39m,
  code: [90mundefined[39m,
  details: Error: x
      at [90mC:\military-Rural Revitalization-system\frontend\[39mtests\unit\composables\useErrorHandler.test.ts:59:21
      at [90mfile:///C:/military-Rural%20Revitalization-system/frontend/[39mnode_modules/[4m@vitest/runner[24m/dist/index.js:146:14
      at [90mfile:///C:/military-Rural%20Revitalization-system/frontend/[39mnode_modules/[4m@vitest/runner[24m/dist/index.js:533:11
      at runWithTimeout [90m(file:///C:/military-Rural%20Revitalization-system/frontend/[39mnode_modules/[4m@vitest/runner[24m/dist/index.js
:39:7[90m)[39m
      at runTest [90m(file:///C:/military-Rural%20Revitalization-system/frontend/[39mnode_modules/[4m@vitest/runner[24m/dist/index.js:1056:1
7[90m)[39m
      at runSuite [90m(file:///C:/military-Rural%20Revitalization-system/frontend/[39mnode_modules/[4m@vitest/runner[24m/dist/index.js:1205:
15[90m)[39m
      at runSuite [90m(file:///C:/military-Rural%20Revitalization-system/frontend/[39mnode_modules/[4m@vitest/runner[24m/dist/index.js:1205:
15[90m)[39m
      at runSuite [90m(file:///C:/military-Rural%20Revitalization-system/frontend/[39mnode_modules/[4m@vitest/runner[24m/dist/index.js:1205:
15[90m)[39m
      at runFiles [90m(file:///C:/military-Rural%20Revitalization-system/frontend/[39mnode_modules/[4m@vitest/runner[24m/dist/index.js:1262:
5[90m)[39m
      at startTests [90m(file:///C:/military-Rural%20Revitalization-system/frontend/[39mnode_modules/[4m@vitest/runner[24m/dist/index.js:127
1:3[90m)[39m
}

[90mstderr[2m | tests/unit/composables/useErrorHandler.test.ts[2m > [22m[2mcomposables/useErrorHandler[2m > [22m[2mhandleError[2m > [2
2m[2mreturns errorState
[22m[39m[ErrorHandler] unknown context {
  message: [32m'鎿嶄綔澶辫触: x'[39m,
  code: [90mundefined[39m,
  details: Error: x
      at [90mC:\military-Rural Revitalization-system\frontend\[39mtests\unit\composables\useErrorHandler.test.ts:73:31
      at [90mfile:///C:/military-Rural%20Revitalization-system/frontend/[39mnode_modules/[4m@vitest/runner[24m/dist/index.js:146:14
      at [90mfile:///C:/military-Rural%20Revitalization-system/frontend/[39mnode_modules/[4m@vitest/runner[24m/dist/index.js:533:11
      at runWithTimeout [90m(file:///C:/military-Rural%20Revitalization-system/frontend/[39mnode_modules/[4m@vitest/runner[24m/dist/index.js
:39:7[90m)[39m
      at runTest [90m(file:///C:/military-Rural%20Revitalization-system/frontend/[39mnode_modules/[4m@vitest/runner[24m/dist/index.js:1056:1
7[90m)[39m
      at runSuite [90m(file:///C:/military-Rural%20Revitalization-system/frontend/[39mnode_modules/[4m@vitest/runner[24m/dist/index.js:1205:
15[90m)[39m
      at runSuite [90m(file:///C:/military-Rural%20Revitalization-system/frontend/[39mnode_modules/[4m@vitest/runner[24m/dist/index.js:1205:
15[90m)[39m
      at runSuite [90m(file:///C:/military-Rural%20Revitalization-system/frontend/[39mnode_modules/[4m@vitest/runner[24m/dist/index.js:1205:
15[90m)[39m
      at runFiles [90m(file:///C:/military-Rural%20Revitalization-system/frontend/[39mnode_modules/[4m@vitest/runner[24m/dist/index.js:1262:
5[90m)[39m
      at startTests [90m(file:///C:/military-Rural%20Revitalization-system/frontend/[39mnode_modules/[4m@vitest/runner[24m/dist/index.js:127
1:3[90m)[39m
}

[90mstderr[2m | tests/unit/composables/useErrorHandler.test.ts[2m > [22m[2mcomposables/useErrorHandler[2m > [22m[2mhandleWarning[2m > 
[22m[2m璋?ElMessage warning
[22m[39m[WarningHandler] careful

[90mstderr[2m | tests/unit/composables/useErrorHandler.test.ts[2m > [22m[2mcomposables/useErrorHandler[2m > [22m[2mclearError[2m > [22
m[2m娓呯┖ errorState
[22m[39m[ErrorHandler] unknown context {
  message: [32m'鎿嶄綔澶辫触: x'[39m,
  code: [90mundefined[39m,
  details: Error: x
      at [90mC:\military-Rural Revitalization-system\frontend\[39mtests\unit\composables\useErrorHandler.test.ts:104:21
      at [90mfile:///C:/military-Rural%20Revitalization-system/frontend/[39mnode_modules/[4m@vitest/runner[24m/dist/index.js:146:14
      at [90mfile:///C:/military-Rural%20Revitalization-system/frontend/[39mnode_modules/[4m@vitest/runner[24m/dist/index.js:533:11
      at runWithTimeout [90m(file:///C:/military-Rural%20Revitalization-system/frontend/[39mnode_modules/[4m@vitest/runner[24m/dist/index.js
:39:7[90m)[39m
      at runTest [90m(file:///C:/military-Rural%20Revitalization-system/frontend/[39mnode_modules/[4m@vitest/runner[24m/dist/index.js:1056:1
7[90m)[39m
      at runSuite [90m(file:///C:/military-Rural%20Revitalization-system/frontend/[39mnode_modules/[4m@vitest/runner[24m/dist/index.js:1205:
15[90m)[39m
      at runSuite [90m(file:///C:/military-Rural%20Revitalization-system/frontend/[39mnode_modules/[4m@vitest/runner[24m/dist/index.js:1205:
15[90m)[39m
      at runSuite [90m(file:///C:/military-Rural%20Revitalization-system/frontend/[39mnode_modules/[4m@vitest/runner[24m/dist/index.js:1205:
15[90m)[39m
      at runFiles [90m(file:///C:/military-Rural%20Revitalization-system/frontend/[39mnode_modules/[4m@vitest/runner[24m/dist/index.js:1262:
5[90m)[39m
      at startTests [90m(file:///C:/military-Rural%20Revitalization-system/frontend/[39mnode_modules/[4m@vitest/runner[24m/dist/index.js:127
1:3[90m)[39m
}

 [32m鉁?[39m tests/unit/composables/useErrorHandler.test.ts [2m([22m[2m14 tests[22m[2m)[22m[90m 74[2mms[22m[39m
 [32m鉁?[39m tests/unit/stores.test.ts [2m([22m[2m10 tests[22m[2m)[22m[90m 34[2mms[22m[39m
 [32m鉁?[39m tests/unit/utils/errorLogger.test.ts [2m([22m[2m9 tests[22m[2m)[22m[90m 127[2mms[22m[39m
 [32m鉁?[39m tests/unit/api/report.test.ts [2m([22m[2m9 tests[22m[2m)[22m[90m 72[2mms[22m[39m
 [32m鉁?[39m tests/unit/composables/useSaveStatus.test.ts [2m([22m[2m9 tests[22m[2m)[22m[90m 41[2mms[22m[39m
 [32m鉁?[39m tests/unit/utils/roleAccess.test.ts [2m([22m[2m15 tests[22m[2m)[22m[90m 220[2mms[22m[39m
 [32m鉁?[39m tests/unit/api/fundStatistics.test.ts [2m([22m[2m8 tests[22m[2m)[22m[90m 23[2mms[22m[39m
 [32m鉁?[39m tests/unit/api/machineCode.test.ts [2m([22m[2m9 tests[22m[2m)[22m[90m 20[2mms[22m[39m
 [32m鉁?[39m tests/unit/api/audit.test.ts [2m([22m[2m8 tests[22m[2m)[22m[90m 29[2mms[22m[39m
 [32m鉁?[39m tests/unit/api/organizationPassCode.test.ts [2m([22m[2m6 tests[22m[2m)[22m[90m 41[2mms[22m[39m
 [32m鉁?[39m tests/unit/utils/network-status.test.ts [2m([22m[2m9 tests[22m[2m)[22m[90m 49[2mms[22m[39m
 [32m鉁?[39m tests/unit/composables/usePrint.test.ts [2m([22m[2m7 tests[22m[2m)[22m[33m 349[2mms[22m[39m
   [33m[2m鉁?[22m[39m printElement[2m > [22m鎵撳紑鏂扮獥鍙ｅ苟鍐欏叆 HTML [33m327[2mms[22m[39m
 [32m鉁?[39m tests/unit/composables/useECharts.test.ts [2m([22m[2m6 tests[22m[2m)[22m[33m 626[2mms[22m[39m
 [32m鉁?[39m tests/unit/composables/useVirtualScroll.test.ts [2m([22m[2m10 tests[22m[2m)[22m[90m 23[2mms[22m[39m
 [32m鉁?[39m tests/unit/utils/security.test.ts [2m([22m[2m20 tests[22m[2m)[22m[90m 22[2mms[22m[39m
 [32m鉁?[39m tests/unit/stores/organization.test.ts [2m([22m[2m8 tests[22m[2m)[22m[90m 65[2mms[22m[39m
 [32m鉁?[39m tests/unit/api/map.test.ts [2m([22m[2m8 tests[22m[2m)[22m[90m 24[2mms[22m[39m
 [32m鉁?[39m tests/unit/composables/useConfirm.test.ts [2m([22m[2m6 tests[22m[2m)[22m[90m 37[2mms[22m[39m
 [32m鉁?[39m tests/unit/composables/useEventBus.test.ts [2m([22m[2m8 tests[22m[2m)[22m[90m 22[2mms[22m[39m
 [32m鉁?[39m tests/unit/composables/useBatchOperation.test.ts [2m([22m[2m8 tests[22m[2m)[22m[90m 25[2mms[22m[39m
[90mstderr[2m | tests/unit/composables/useOnboarding.test.ts[2m > [22m[2museOnboarding[2m > [22m[2m杩斿洖 startTour 鍑芥暟
[22m[39m[Vue warn]: onMounted is called when there is no active component instance to be associated with. Lifecycle injection APIs can only be
 used during execution of setup(). If you are using async setup(), make sure to register lifecycle hooks before the first await statement.

[90mstderr[2m | tests/unit/composables/useOnboarding.test.ts[2m > [22m[2museOnboarding[2m > [22m[2mstartTour 璋冪敤 driver() 鍜?drive()
[22m[39m[Vue warn]: onMounted is called when there is no active component instance to be associated with. Lifecycle injection APIs can only be
 used during execution of setup(). If you are using async setup(), make sure to register lifecycle hooks before the first await statement.

[90mstderr[2m | tests/unit/composables/useOnboarding.test.ts[2m > [22m[2museOnboarding[2m > [22m[2mstartTour 浼犲叆 dashboardSteps 浣滀负 step
s 閰嶇疆
[22m[39m[Vue warn]: onMounted is called when there is no active component instance to be associated with. Lifecycle injection APIs can only be
 used during execution of setup(). If you are using async setup(), make sure to register lifecycle hooks before the first await statement.

[90mstderr[2m | tests/unit/composables/useOnboarding.test.ts[2m > [22m[2museOnboarding[2m > [22m[2mstartTour 閰嶇疆 showProgress=true
[22m[39m[Vue warn]: onMounted is called when there is no active component instance to be associated with. Lifecycle injection APIs can only be
 used during execution of setup(). If you are using async setup(), make sure to register lifecycle hooks before the first await statement.

[90mstderr[2m | tests/unit/composables/useOnboarding.test.ts[2m > [22m[2museOnboarding[2m > [22m[2mstartTour 閰嶇疆鍖呭惈涓枃鎸夐挳鏂囨湰
[22m[39m[Vue warn]: onMounted is called when there is no active component instance to be associated with. Lifecycle injection APIs can only be
 used during execution of setup(). If you are using async setup(), make sure to register lifecycle hooks before the first await statement.

[90mstderr[2m | tests/unit/composables/useOnboarding.test.ts[2m > [22m[2museOnboarding[2m > [22m[2monDestroyed 鏃跺啓鍏?localStorage 鏍囪
[22m[39m[Vue warn]: onMounted is called when there is no active component instance to be associated with. Lifecycle injection APIs can only be
 used during execution of setup(). If you are using async setup(), make sure to register lifecycle hooks before the first await statement.

[90mstderr[2m | tests/unit/composables/useOnboarding.test.ts[2m > [22m[2museOnboarding[2m > [22m[2mforce=true 鏃?useOnboarding 浠嶆甯歌繑鍥?st
artTour
[22m[39m[Vue warn]: onMounted is called when there is no active component instance to be associated with. Lifecycle injection APIs can only be
 used during execution of setup(). If you are using async setup(), make sure to register lifecycle hooks before the first await statement.

[90mstderr[2m | tests/unit/composables/useOnboarding.test.ts[2m > [22m[2museOnboarding[2m > [22m[2moptions 涓虹┖鏃朵篃杩斿洖 startTour
[22m[39m[Vue warn]: onMounted is called when there is no active component instance to be associated with. Lifecycle injection APIs can only be
 used during execution of setup(). If you are using async setup(), make sure to register lifecycle hooks before the first await statement.

 [32m鉁?[39m tests/unit/composables/useOnboarding.test.ts [2m([22m[2m8 tests[22m[2m)[22m[90m 34[2mms[22m[39m
 [32m鉁?[39m tests/unit/stores/policy.test.ts [2m([22m[2m7 tests[22m[2m)[22m[90m 50[2mms[22m[39m
 [32m鉁?[39m tests/unit/exportUtil.test.ts [2m([22m[2m6 tests[22m[2m)[22m[90m 24[2mms[22m[39m
[90mstdout[2m | tests/unit/composables/useRouterSafe.test.ts[2m > [22m[2museRouterSafe[2m > [22m[2mpushSafe 鎺ュ彈 debugLabel 鍙傛暟 (鏃犲壇浣滅敤)
[22m[39m灏濊瘯璺宠浆鍒版祴璇曢〉闈㈤〉闈?
 [32m鉁?[39m tests/unit/composables/useRouterSafe.test.ts [2m([22m[2m6 tests[22m[2m)[22m[90m 65[2mms[22m[39m
DEPRECATION WARNING [legacy-js-api]: The legacy JS API is deprecated and will be removed in Dart Sass 2.0.0.

More info: https://sass-lang.com/d/legacy-js-api

 [32m鉁?[39m tests/unit/api-modules.test.ts [2m([22m[2m44 tests[22m[2m)[22m[33m 13157[2mms[22m[39m
   [33m[2m鉁?[22m[39m API module structural integrity[2m > [22mfunds 妯″潡鍙鍏ヤ笖瀵煎嚭闈炵┖瀵硅薄 [33m5879[2mms[22m[39m
   [33m[2m鉁?[22m[39m API module structural integrity[2m > [22mschools 妯″潡鍙鍏ヤ笖瀵煎嚭闈炵┖瀵硅薄 [33m3226[2mms[22m[39m
   [33m[2m鉁?[22m[39m API module structural integrity[2m > [22mtasks 妯″潡鍙鍏ヤ笖瀵煎嚭闈炵┖瀵硅薄 [33m1380[2mms[22m[39m
 [32m鉁?[39m tests/unit/views/dashboard/ChartRow.test.ts [2m([22m[2m4 tests[22m[2m)[22m[33m 812[2mms[22m[39m
 [32m鉁?[39m tests/unit/composables/useDebounce.test.ts [2m([22m[2m7 tests[22m[2m)[22m[90m 29[2mms[22m[39m
 [32m鉁?[39m tests/unit/stores/mini-stores.test.ts [2m([22m[2m9 tests[22m[2m)[22m[90m 38[2mms[22m[39m
 [32m鉁?[39m tests/unit/api/request.test.ts [2m([22m[2m8 tests[22m[2m)[22m[90m 26[2mms[22m[39m
DEPRECATION WARNING [legacy-js-api]: The legacy JS API is deprecated and will be removed in Dart Sass 2.0.0.

More info: https://sass-lang.com/d/legacy-js-api

 [32m鉁?[39m tests/unit/composables/useApiError.test.ts [2m([22m[2m7 tests[22m[2m)[22m[90m 20[2mms[22m[39m
 [32m鉁?[39m tests/unit/composables/useApiCache.test.ts [2m([22m[2m9 tests[22m[2m)[22m[90m 29[2mms[22m[39m
 [32m鉁?[39m tests/unit/views/dashboard/KpiCards.test.ts [2m([22m[2m4 tests[22m[2m)[22m[33m 903[2mms[22m[39m
   [33m[2m鉁?[22m[39m KpiCards.vue[2m > [22mrenders 5 stat-card elements [33m464[2mms[22m[39m
   [33m[2m鉁?[22m[39m KpiCards.vue[2m > [22mrenders .data-number on each card [33m383[2mms[22m[39m
 [32m鉁?[39m tests/unit/utils/offline.test.ts [2m([22m[2m7 tests[22m[2m)[22m[90m 31[2mms[22m[39m
 [32m鉁?[39m tests/unit/components/DefaultLayoutSafe.menu.test.ts [2m([22m[2m3 tests[22m[2m)[22m[90m 11[2mms[22m[39m
[90mstderr[2m | tests/unit/composables/useChunkLoader.test.ts[2m > [22m[2museChunkLoader/retryImport[2m > [22m[2m1st fail, 2nd success 鈫
?returns result
[22m[39m[ChunkLoader] 妯″潡鍔犺浇澶辫触锛?0ms 鍚庨噸璇?(1/3) fail

[90mstderr[2m | tests/unit/composables/useChunkLoader.test.ts[2m > [22m[2museChunkLoader/retryImport[2m > [22m[2mall failures 鈫?throws l
ast error
[22m[39m[ChunkLoader] 妯″潡鍔犺浇澶辫触锛?0ms 鍚庨噸璇?(1/3) always-fail

[90mstderr[2m | tests/unit/composables/useChunkLoader.test.ts[2m > [22m[2museChunkLoader/retryImport[2m > [22m[2mall failures 鈫?throws l
ast error
[22m[39m[ChunkLoader] 妯″潡鍔犺浇澶辫触锛?0ms 鍚庨噸璇?(2/3) always-fail

[90mstderr[2m | tests/unit/composables/useChunkLoader.test.ts[2m > [22m[2museChunkLoader/retryImport[2m > [22m[2mall failures 鈫?throws l
ast error
[22m[39m[ChunkLoader] 妯″潡鍔犺浇澶辫触锛?0ms 鍚庨噸璇?(3/3) always-fail

[90mstderr[2m | tests/unit/composables/useChunkLoader.test.ts[2m > [22m[2museChunkLoader/retryImport[2m > [22m[2mexponential backoff del
ay is correct
[22m[39m[ChunkLoader] 妯″潡鍔犺浇澶辫触锛?00ms 鍚庨噸璇?(1/3) fail

[90mstderr[2m | tests/unit/composables/useChunkLoader.test.ts[2m > [22m[2museChunkLoader/retryImport[2m > [22m[2mexponential backoff del
ay is correct
[22m[39m[ChunkLoader] 妯″潡鍔犺浇澶辫触锛?00ms 鍚庨噸璇?(2/3) fail

[90mstderr[2m | tests/unit/composables/useChunkLoader.test.ts[2m > [22m[2museChunkLoader/retryImport[2m > [22m[2mexponential backoff del
ay is correct
[22m[39m[ChunkLoader] 妯″潡鍔犺浇澶辫触锛?00ms 鍚庨噸璇?(3/3) fail

 [32m鉁?[39m tests/unit/composables/useChunkLoader.test.ts [2m([22m[2m5 tests[22m[2m)[22m[90m 161[2mms[22m[39m
 [32m鉁?[39m tests/unit/router/permissions.test.ts [2m([22m[2m10 tests[22m[2m)[22m[90m 21[2mms[22m[39m
 [32m鉁?[39m tests/unit/composables/useMessageNotification.test.ts [2m([22m[2m4 tests[22m[2m)[22m[90m 29[2mms[22m[39m
 [32m鉁?[39m tests/unit/api/systemHealthOfflineMap.test.ts [2m([22m[2m5 tests[22m[2m)[22m[90m 18[2mms[22m[39m
DEPRECATION WARNING [legacy-js-api]: The legacy JS API is deprecated and will be removed in Dart Sass 2.0.0.

More info: https://sass-lang.com/d/legacy-js-api

 [32m鉁?[39m tests/unit/views/dashboard/PageHeader.test.ts [2m([22m[2m4 tests[22m[2m)[22m[90m 150[2mms[22m[39m
 [32m鉁?[39m tests/unit/stores/app-config.test.ts [2m([22m[2m6 tests[22m[2m)[22m[90m 21[2mms[22m[39m
 [32m鉁?[39m tests/unit/api/mutations/user.test.ts [2m([22m[2m4 tests[22m[2m)[22m[90m 22[2mms[22m[39m
 [32m鉁?[39m tests/unit/composables/useConfirmDialog.test.ts [2m([22m[2m5 tests[22m[2m)[22m[90m 25[2mms[22m[39m
 [32m鉁?[39m tests/unit/utils/standaloneTest.test.ts [2m([22m[2m3 tests[22m[2m)[22m[90m 46[2mms[22m[39m
 [32m鉁?[39m tests/unit/utils/websocket.test.ts [2m([22m[2m5 tests[22m[2m)[22m[90m 23[2mms[22m[39m
DEPRECATION WARNING [legacy-js-api]: The legacy JS API is deprecated and will be removed in Dart Sass 2.0.0.

More info: https://sass-lang.com/d/legacy-js-api

 [32m鉁?[39m tests/unit/composables/useResourcePreloader.test.ts [2m([22m[2m4 tests[22m[2m)[22m[90m 36[2mms[22m[39m
 [32m鉁?[39m tests/unit/utils/unwrapList.test.ts [2m([22m[2m8 tests[22m[2m)[22m[90m 16[2mms[22m[39m
 [32m鉁?[39m tests/unit/views/dashboard/InfoRow.test.ts [2m([22m[2m2 tests[22m[2m)[22m[33m 436[2mms[22m[39m
 [32m鉁?[39m tests/unit/stores/config.test.ts [2m([22m[2m5 tests[22m[2m)[22m[90m 20[2mms[22m[39m
 [32m鉁?[39m tests/unit/crypto.test.ts [2m([22m[2m7 tests[22m[2m)[22m[90m 111[2mms[22m[39m
[90mstdout[2m | tests/unit/composables/useVersionCheck.test.ts[2m > [22m[2museVersionCheck/checkVersion[2m > [22m[2mfetch failure (404) 鈫?silent skip, no exception
[22m[39m[VersionCheck] /version.json 鑾峰彇澶辫触锛岃烦杩囩増鏈鏌?
 [32m鉁?[39m tests/unit/composables/useVersionCheck.test.ts [2m([22m[2m4 tests[22m[2m)[22m[90m 167[2mms[22m[39m
 [32m鉁?[39m tests/unit/composables/useSafeData.test.ts [2m([22m[2m10 tests[22m[2m)[22m[90m 48[2mms[22m[39m
 [32m鉁?[39m tests/unit/stores/menu.test.ts [2m([22m[2m5 tests[22m[2m)[22m[90m 73[2mms[22m[39m
 [32m鉁?[39m tests/unit/composables/useLazyComponent.test.ts [2m([22m[2m4 tests[22m[2m)[22m[90m 10[2mms[22m[39m
 [32m鉁?[39m tests/unit/composables/useLoading.test.ts [2m([22m[2m5 tests[22m[2m)[22m[90m 11[2mms[22m[39m
 [32m鉁?[39m tests/unit/stores/taskQueue.test.ts [2m([22m[2m4 tests[22m[2m)[22m[90m 24[2mms[22m[39m
 [32m鉁?[39m tests/unit/stores-extra.test.ts [2m([22m[2m3 tests[22m[2m)[22m[90m 13[2mms[22m[39m
 [32m鉁?[39m tests/unit/api/systemMonitor.test.ts [2m([22m[2m2 tests[22m[2m)[22m[90m 19[2mms[22m[39m
 [32m鉁?[39m tests/unit/stores/funds.test.ts [2m([22m[2m4 tests[22m[2m)[22m[90m 22[2mms[22m[39m
 [32m鉁?[39m tests/unit/components/DataTable.test.ts [2m([22m[2m3 tests[22m[2m)[22m[90m 91[2mms[22m[39m
 [32m鉁?[39m tests/unit/stores/village.test.ts [2m([22m[2m2 tests[22m[2m)[22m[90m 22[2mms[22m[39m
 [32m鉁?[39m tests/unit/stores/data.test.ts [2m([22m[2m3 tests[22m[2m)[22m[90m 17[2mms[22m[39m
 [32m鉁?[39m tests/unit/stores/project.test.ts [2m([22m[2m3 tests[22m[2m)[22m[90m 70[2mms[22m[39m
 [32m鉁?[39m tests/unit/stores/villager.test.ts [2m([22m[2m3 tests[22m[2m)[22m[90m 17[2mms[22m[39m
 [32m鉁?[39m tests/unit/stores/route.test.ts [2m([22m[2m3 tests[22m[2m)[22m[90m 19[2mms[22m[39m
 [32m鉁?[39m tests/unit/stores/industry.test.ts [2m([22m[2m2 tests[22m[2m)[22m[90m 17[2mms[22m[39m
 [32m鉁?[39m tests/unit/stores/ruralWork.test.ts [2m([22m[2m2 tests[22m[2m)[22m[90m 21[2mms[22m[39m
 [32m鉁?[39m tests/unit/stores/app.test.ts [2m([22m[2m1 test[22m[2m)[22m[90m 18[2mms[22m[39m
 [32m鉁?[39m tests/unit/config/constants.test.ts [2m([22m[2m3 tests[22m[2m)[22m[90m 16[2mms[22m[39m
 [32m鉁?[39m tests/unit/config/appConfig.test.ts [2m([22m[2m3 tests[22m[2m)[22m[90m 9[2mms[22m[39m
 [32m鉁?[39m tests/unit/composables/useMenuPermission.test.ts [2m([22m[2m1 test[22m[2m)[22m[90m 7[2mms[22m[39m
 [32m鉁?[39m tests/unit/directives/permission.test.ts [2m([22m[2m1 test[22m[2m)[22m[90m 14[2mms[22m[39m
 [32m鉁?[39m tests/unit/composables/useRoutePreload.test.ts [2m([22m[2m1 test[22m[2m)[22m[90m 10[2mms[22m[39m
 [32m鉁?[39m tests/unit/integration/auth-router.test.ts [2m([22m[2m1 test[22m[2m)[22m[90m 6[2mms[22m[39m
 [32m鉁?[39m tests/unit/components/BaseTable.test.ts [2m([22m[2m1 test[22m[2m)[22m[90m 7[2mms[22m[39m
 [32m鉁?[39m tests/unit/stores/core-stores.test.ts [2m([22m[2m1 test[22m[2m)[22m[90m 12[2mms[22m[39m
 [32m鉁?[39m tests/unit/components/ChartCard.test.ts [2m([22m[2m1 test[22m[2m)[22m[90m 7[2mms[22m[39m
 [32m鉁?[39m tests/unit/components/EnhancedChart.property.test.ts [2m([22m[2m1 test[22m[2m)[22m[90m 8[2mms[22m[39m
 [32m鉁?[39m tests/unit/cacheManager.test.ts [2m([22m[2m1 test[22m[2m)[22m[90m 7[2mms[22m[39m
 [32m鉁?[39m src/components/business/__tests__/ProjectCard.spec.ts [2m([22m[2m1 test[22m[2m)[22m[90m 5[2mms[22m[39m
 [32m鉁?[39m tests/unit/utils/export.test.ts [2m([22m[2m4 tests[22m[2m)[22m[90m 5[2mms[22m[39m

[2m Test Files [22m [1m[32m136 passed[39m[22m[90m (136)[39m
[2m      Tests [22m [1m[32m1676 passed[39m[22m[90m (1676)[39m
[2m   Start at [22m 18:12:35
[2m   Duration [22m 95.61s[2m (transform 83.02s, setup 117.45s, collect 195.41s, tests 36.92s, environment 525.08s, prepare 64.79s)[22m

